This is pdfTeX, Version 3.1415926-2.5-1.40.14 (TeX Live 2013) (format=pdflatex 2026.7.24)  29 JUL 2026 00:16
entering extended mode
 restricted \write18 enabled.
 file:line:error style messages enabled.
 %&-line parsing enabled.
**AnonymousSubmission2027.tex
(./AnonymousSubmission2027.tex
LaTeX2e <2011/06/27>
Babel <v3.8m> and hyphenation patterns for english, dumylang, nohyphenation, lo
aded.
(/usr/share/texlive/texmf-dist/tex/latex/base/article.cls
Document Class: article 2007/10/19 v1.4h Standard LaTeX document class
(/usr/share/texlive/texmf-dist/tex/latex/base/size10.clo
File: size10.clo 2007/10/19 v1.4h Standard LaTeX file (size option)
)
\c@part=\count79
\c@section=\count80
\c@subsection=\count81
\c@subsubsection=\count82
\c@paragraph=\count83
\c@subparagraph=\count84
\c@figure=\count85
\c@table=\count86
\abovecaptionskip=\skip41
\belowcaptionskip=\skip42
\bibindent=\dimen102
) (./aaai2027.sty
Package: aaai2027 2027/05/04 AAAI 2027 Submission format

Conference Style for AAAI for LaTeX 2e
(/usr/share/texlive/texmf-dist/tex/generic/iftex/iftex.sty
Package: iftex 2013/04/04 v0.2 Provides if(tex) conditional for PDFTeX, XeTeX, 
and LuaTeX
)
(/usr/share/texlive/texmf-dist/tex/latex/base/fontenc.sty
Package: fontenc 2005/09/27 v1.99g Standard LaTeX package

(/usr/share/texlive/texmf-dist/tex/latex/base/t1enc.def
File: t1enc.def 2005/09/27 v1.99g Standard LaTeX file
LaTeX Font Info:    Redeclaring font encoding T1 on input line 43.
))
(/usr/share/texlive/texmf-dist/tex/latex/newtx/newtxtext.sty
Package: newtxtext 2013/03/28 v1.09

`newtxtext' v1.09, 2013/03/28 Text macros based on txfonts (msharpe)
(/usr/share/texlive/texmf-dist/tex/latex/fontaxes/fontaxes.sty
Package: fontaxes 2011/12/16 v1.0c Font selection axes
LaTeX Info: Redefining \upshape on input line 29.
LaTeX Info: Redefining \itshape on input line 31.
LaTeX Info: Redefining \slshape on input line 33.
LaTeX Info: Redefining \scshape on input line 37.
)
(/usr/share/texlive/texmf-dist/tex/latex/xkeyval/xkeyval.sty
Package: xkeyval 2012/10/14 v2.6b package option processing (HA)

(/usr/share/texlive/texmf-dist/tex/generic/xkeyval/xkeyval.tex
\XKV@toks=\toks14
\XKV@tempa@toks=\toks15
\XKV@depth=\count87
File: xkeyval.tex 2012/10/14 v2.6b key=value parser (HA)

(/usr/share/texlive/texmf-dist/tex/generic/xkeyval/keyval.tex)))
(/usr/share/texlive/texmf-dist/tex/latex/base/fontenc.sty
Package: fontenc 2005/09/27 v1.99g Standard LaTeX package

(/usr/share/texlive/texmf-dist/tex/latex/base/t1enc.def
File: t1enc.def 2005/09/27 v1.99g Standard LaTeX file
LaTeX Font Info:    Redeclaring font encoding T1 on input line 43.
)))
(/usr/share/texlive/texmf-dist/tex/latex/psnfss/helvet.sty
Package: helvet 2005/04/12 PSNFSS-v9.2a (WaS) 
)
(/usr/share/texlive/texmf-dist/tex/latex/psnfss/courier.sty
Package: courier 2005/04/12 PSNFSS-v9.2a (WaS) 
)
(/usr/share/texlive/texmf-dist/tex/latex/placeins/placeins.sty
Package: placeins 2005/04/18  v 2.2
)
\titlebox=\skip43
\aaai@thanksins=\insert233
\aaai@copyrightins=\insert232

(/usr/share/texlive/texmf-dist/tex/latex/xcolor/xcolor.sty
Package: xcolor 2007/01/21 v2.11 LaTeX color extensions (UK)

(/usr/share/texlive/texmf-dist/tex/latex/latexconfig/color.cfg
File: color.cfg 2007/01/18 v1.5 color configuration of teTeX/TeXLive
)
Package xcolor Info: Driver file: pdftex.def on input line 225.

(/usr/share/texlive/texmf-dist/tex/latex/pdftex-def/pdftex.def
File: pdftex.def 2011/05/27 v0.06d Graphics/color for pdfTeX

(/usr/share/texlive/texmf-dist/tex/generic/oberdiek/infwarerr.sty
Package: infwarerr 2010/04/08 v1.3 Providing info/warning/error messages (HO)
)
(/usr/share/texlive/texmf-dist/tex/generic/oberdiek/ltxcmds.sty
Package: ltxcmds 2011/11/09 v1.22 LaTeX kernel commands for general use (HO)
)
\Gread@gobject=\count88
)
Package xcolor Info: Model `cmy' substituted by `cmy0' on input line 1337.
Package xcolor Info: Model `hsb' substituted by `rgb' on input line 1341.
Package xcolor Info: Model `RGB' extended on input line 1353.
Package xcolor Info: Model `HTML' substituted by `rgb' on input line 1355.
Package xcolor Info: Model `Hsb' substituted by `hsb' on input line 1356.
Package xcolor Info: Model `tHsb' substituted by `hsb' on input line 1357.
Package xcolor Info: Model `HSB' substituted by `hsb' on input line 1358.
Package xcolor Info: Model `Gray' substituted by `gray' on input line 1359.
Package xcolor Info: Model `wave' substituted by `hsb' on input line 1360.
))
(/usr/share/texlive/texmf-dist/tex/latex/url/url.sty
\Urlmuskip=\muskip10
Package: url 2006/04/12  ver 3.3  Verb mode for urls, etc.
)
(/usr/share/texlive/texmf-dist/tex/latex/graphics/graphicx.sty
Package: graphicx 1999/02/16 v1.0f Enhanced LaTeX Graphics (DPC,SPQR)

(/usr/share/texlive/texmf-dist/tex/latex/graphics/graphics.sty
Package: graphics 2009/02/05 v1.0o Standard LaTeX Graphics (DPC,SPQR)

(/usr/share/texlive/texmf-dist/tex/latex/graphics/trig.sty
Package: trig 1999/03/16 v1.09 sin cos tan (DPC)
)
(/usr/share/texlive/texmf-dist/tex/latex/latexconfig/graphics.cfg
File: graphics.cfg 2010/04/23 v1.9 graphics configuration of TeX Live
)
Package graphics Info: Driver file: pdftex.def on input line 91.
)
\Gin@req@height=\dimen103
\Gin@req@width=\dimen104
)
(/usr/share/texlive/texmf-dist/tex/latex/natbib/natbib.sty
Package: natbib 2010/09/13 8.31b (PWD, AO)
\bibhang=\skip44
\bibsep=\skip45
LaTeX Info: Redefining \cite on input line 694.
\c@NAT@ctr=\count89
)
(/usr/share/texlive/texmf-dist/tex/latex/caption/caption.sty
Package: caption 2013/02/03 v3.3-65 Customizing captions (AR)

(/usr/share/texlive/texmf-dist/tex/latex/caption/caption3.sty
Package: caption3 2013/02/03 v1.5-62 caption3 kernel (AR)
\captionmargin=\dimen105
\captionmargin@=\dimen106
\captionwidth=\dimen107
\caption@tempdima=\dimen108
\caption@indent=\dimen109
\caption@parindent=\dimen110
\caption@hangindent=\dimen111
)
\c@ContinuedFloat=\count90
)
(/usr/share/texlive/texmf-dist/tex/latex/algorithms/algorithm.sty
Package: algorithm 2009/08/24 v0.1 Document Style `algorithm' - floating enviro
nment

(/usr/share/texlive/texmf-dist/tex/latex/float/float.sty
Package: float 2001/11/08 v1.3d Float enhancements (AL)
\c@float@type=\count91
\float@exts=\toks16
\float@box=\box26
\@float@everytoks=\toks17
\@floatcapt=\box27
)
(/usr/share/texlive/texmf-dist/tex/latex/base/ifthen.sty
Package: ifthen 2001/05/26 v1.1c Standard LaTeX ifthen package (DPC)
)
\@float@every@algorithm=\toks18
\c@algorithm=\count92
)
(/usr/share/texlive/texmf-dist/tex/latex/algorithms/algorithmic.sty
Package: algorithmic 2009/08/24 v0.1 Document Style `algorithmic'
\c@ALC@unique=\count93
\c@ALC@line=\count94
\c@ALC@rem=\count95
\c@ALC@depth=\count96
\ALC@tlm=\skip46
\algorithmicindent=\skip47
)
(/usr/share/texlive/texmf-dist/tex/latex/amsmath/amsmath.sty
Package: amsmath 2013/01/14 v2.14 AMS math features
\@mathmargin=\skip48

For additional information on amsmath, use the `?' option.
(/usr/share/texlive/texmf-dist/tex/latex/amsmath/amstext.sty
Package: amstext 2000/06/29 v2.01

(/usr/share/texlive/texmf-dist/tex/latex/amsmath/amsgen.sty
File: amsgen.sty 1999/11/30 v2.0
\@emptytoks=\toks19
\ex@=\dimen112
))
(/usr/share/texlive/texmf-dist/tex/latex/amsmath/amsbsy.sty
Package: amsbsy 1999/11/29 v1.2d
\pmbraise@=\dimen113
)
(/usr/share/texlive/texmf-dist/tex/latex/amsmath/amsopn.sty
Package: amsopn 1999/12/14 v2.01 operator names
)
\inf@bad=\count97
LaTeX Info: Redefining \frac on input line 210.
\uproot@=\count98
\leftroot@=\count99
LaTeX Info: Redefining \overline on input line 306.
\classnum@=\count100
\DOTSCASE@=\count101
LaTeX Info: Redefining \ldots on input line 378.
LaTeX Info: Redefining \dots on input line 381.
LaTeX Info: Redefining \cdots on input line 466.
\Mathstrutbox@=\box28
\strutbox@=\box29
\big@size=\dimen114
LaTeX Font Info:    Redeclaring font encoding OML on input line 566.
LaTeX Font Info:    Redeclaring font encoding OMS on input line 567.
\macc@depth=\count102
\c@MaxMatrixCols=\count103
\dotsspace@=\muskip11
\c@parentequation=\count104
\dspbrk@lvl=\count105
\tag@help=\toks20
\row@=\count106
\column@=\count107
\maxfields@=\count108
\andhelp@=\toks21
\eqnshift@=\dimen115
\alignsep@=\dimen116
\tagshift@=\dimen117
\tagwidth@=\dimen118
\totwidth@=\dimen119
\lineht@=\dimen120
\@envbody=\toks22
\multlinegap=\skip49
\multlinetaggap=\skip50
\mathdisplay@stack=\toks23
LaTeX Info: Redefining \[ on input line 2665.
LaTeX Info: Redefining \] on input line 2666.
)
(/usr/share/texlive/texmf-dist/tex/latex/tools/array.sty
Package: array 2008/09/09 v2.4c Tabular extension package (FMi)
\col@sep=\dimen121
\extrarowheight=\dimen122
\NC@list=\toks24
\extratabsurround=\skip51
\backup@length=\skip52
)
(/usr/share/texlive/texmf-dist/tex/latex/colortbl/colortbl.sty
Package: colortbl 2012/02/13 v1.0a Color table columns (DPC)
\everycr=\toks25
\minrowclearance=\skip53
)
(/usr/share/texlive/texmf-dist/tex/latex/booktabs/booktabs.sty
Package: booktabs 2005/04/14 v1.61803 publication quality tables
\heavyrulewidth=\dimen123
\lightrulewidth=\dimen124
\cmidrulewidth=\dimen125
\belowrulesep=\dimen126
\belowbottomsep=\dimen127
\aboverulesep=\dimen128
\abovetopsep=\dimen129
\cmidrulesep=\dimen130
\cmidrulekern=\dimen131
\defaultaddspace=\dimen132
\@cmidla=\count109
\@cmidlb=\count110
\@aboverulesep=\dimen133
\@belowrulesep=\dimen134
\@thisruleclass=\count111
\@lastruleclass=\count112
\@thisrulewidth=\dimen135
)
(/usr/share/texlive/texmf-dist/tex/latex/multirow/multirow.sty
\bigstrutjot=\dimen136
)
(/usr/share/texlive/texmf-dist/tex/latex/tcolorbox/tcolorbox.sty
Package: tcolorbox 2013/03/13 version 2.02 text color boxes

(/usr/share/texlive/texmf-dist/tex/latex/pgf/basiclayer/pgf.sty
(/usr/share/texlive/texmf-dist/tex/latex/pgf/utilities/pgfrcs.sty
(/usr/share/texlive/texmf-dist/tex/generic/pgf/utilities/pgfutil-common.tex
\pgfutil@everybye=\toks26
)
(/usr/share/texlive/texmf-dist/tex/generic/pgf/utilities/pgfutil-latex.def
\pgfutil@abb=\box30

(/usr/share/texlive/texmf-dist/tex/latex/ms/everyshi.sty
Package: everyshi 2001/05/15 v3.00 EveryShipout Package (MS)
))
(/usr/share/texlive/texmf-dist/tex/generic/pgf/utilities/pgfrcs.code.tex
Package: pgfrcs 2010/10/25 v2.10 (rcs-revision 1.24)
))
Package: pgf 2008/01/15 v2.10 (rcs-revision 1.12)

(/usr/share/texlive/texmf-dist/tex/latex/pgf/basiclayer/pgfcore.sty
(/usr/share/texlive/texmf-dist/tex/latex/pgf/systemlayer/pgfsys.sty
(/usr/share/texlive/texmf-dist/tex/generic/pgf/systemlayer/pgfsys.code.tex
Package: pgfsys 2010/06/30 v2.10 (rcs-revision 1.37)

(/usr/share/texlive/texmf-dist/tex/generic/pgf/utilities/pgfkeys.code.tex
\pgfkeys@pathtoks=\toks27
\pgfkeys@temptoks=\toks28

(/usr/share/texlive/texmf-dist/tex/generic/pgf/utilities/pgfkeysfiltered.code.t
ex
\pgfkeys@tmptoks=\toks29
))
\pgf@x=\dimen137
\pgf@y=\dimen138
\pgf@xa=\dimen139
\pgf@ya=\dimen140
\pgf@xb=\dimen141
\pgf@yb=\dimen142
\pgf@xc=\dimen143
\pgf@yc=\dimen144
\w@pgf@writea=\write3
\r@pgf@reada=\read1
\c@pgf@counta=\count113
\c@pgf@countb=\count114
\c@pgf@countc=\count115
\c@pgf@countd=\count116
 (/usr/share/texlive/texmf-dist/tex/generic/pgf/systemlayer/pgf.cfg
File: pgf.cfg 2008/05/14  (rcs-revision 1.7)
)
Package pgfsys Info: Driver file for pgf: pgfsys-pdftex.def on input line 900.

(/usr/share/texlive/texmf-dist/tex/generic/pgf/systemlayer/pgfsys-pdftex.def
File: pgfsys-pdftex.def 2009/05/22  (rcs-revision 1.26)

(/usr/share/texlive/texmf-dist/tex/generic/pgf/systemlayer/pgfsys-common-pdf.de
f
File: pgfsys-common-pdf.def 2008/05/19  (rcs-revision 1.10)
)))
(/usr/share/texlive/texmf-dist/tex/generic/pgf/systemlayer/pgfsyssoftpath.code.
tex
File: pgfsyssoftpath.code.tex 2008/07/18  (rcs-revision 1.7)
\pgfsyssoftpath@smallbuffer@items=\count117
\pgfsyssoftpath@bigbuffer@items=\count118
)
(/usr/share/texlive/texmf-dist/tex/generic/pgf/systemlayer/pgfsysprotocol.code.
tex
File: pgfsysprotocol.code.tex 2006/10/16  (rcs-revision 1.4)
))
(/usr/share/texlive/texmf-dist/tex/generic/pgf/basiclayer/pgfcore.code.tex
Package: pgfcore 2010/04/11 v2.10 (rcs-revision 1.7)

(/usr/share/texlive/texmf-dist/tex/generic/pgf/math/pgfmath.code.tex
(/usr/share/texlive/texmf-dist/tex/generic/pgf/math/pgfmathcalc.code.tex
(/usr/share/texlive/texmf-dist/tex/generic/pgf/math/pgfmathutil.code.tex)
(/usr/share/texlive/texmf-dist/tex/generic/pgf/math/pgfmathparser.code.tex
\pgfmath@dimen=\dimen145
\pgfmath@count=\count119
\pgfmath@box=\box31
\pgfmath@toks=\toks30
\pgfmath@stack@operand=\toks31
\pgfmath@stack@operation=\toks32
)
(/usr/share/texlive/texmf-dist/tex/generic/pgf/math/pgfmathfunctions.code.tex
(/usr/share/texlive/texmf-dist/tex/generic/pgf/math/pgfmathfunctions.basic.code
.tex)
(/usr/share/texlive/texmf-dist/tex/generic/pgf/math/pgfmathfunctions.trigonomet
ric.code.tex)
(/usr/share/texlive/texmf-dist/tex/generic/pgf/math/pgfmathfunctions.random.cod
e.tex)
(/usr/share/texlive/texmf-dist/tex/generic/pgf/math/pgfmathfunctions.comparison
.code.tex)
(/usr/share/texlive/texmf-dist/tex/generic/pgf/math/pgfmathfunctions.base.code.
tex)
(/usr/share/texlive/texmf-dist/tex/generic/pgf/math/pgfmathfunctions.round.code
.tex)
(/usr/share/texlive/texmf-dist/tex/generic/pgf/math/pgfmathfunctions.misc.code.
tex)))
(/usr/share/texlive/texmf-dist/tex/generic/pgf/math/pgfmathfloat.code.tex
\c@pgfmathroundto@lastzeros=\count120
))
(/usr/share/texlive/texmf-dist/tex/generic/pgf/basiclayer/pgfcorepoints.code.te
x
File: pgfcorepoints.code.tex 2010/04/09  (rcs-revision 1.20)
\pgf@picminx=\dimen146
\pgf@picmaxx=\dimen147
\pgf@picminy=\dimen148
\pgf@picmaxy=\dimen149
\pgf@pathminx=\dimen150
\pgf@pathmaxx=\dimen151
\pgf@pathminy=\dimen152
\pgf@pathmaxy=\dimen153
\pgf@xx=\dimen154
\pgf@xy=\dimen155
\pgf@yx=\dimen156
\pgf@yy=\dimen157
\pgf@zx=\dimen158
\pgf@zy=\dimen159
)
(/usr/share/texlive/texmf-dist/tex/generic/pgf/basiclayer/pgfcorepathconstruct.
code.tex
File: pgfcorepathconstruct.code.tex 2010/08/03  (rcs-revision 1.24)
\pgf@path@lastx=\dimen160
\pgf@path@lasty=\dimen161
)
(/usr/share/texlive/texmf-dist/tex/generic/pgf/basiclayer/pgfcorepathusage.code
.tex
File: pgfcorepathusage.code.tex 2008/04/22  (rcs-revision 1.12)
\pgf@shorten@end@additional=\dimen162
\pgf@shorten@start@additional=\dimen163
)
(/usr/share/texlive/texmf-dist/tex/generic/pgf/basiclayer/pgfcorescopes.code.te
x
File: pgfcorescopes.code.tex 2010/09/08  (rcs-revision 1.34)
\pgfpic=\box32
\pgf@hbox=\box33
\pgf@layerbox@main=\box34
\pgf@picture@serial@count=\count121
)
(/usr/share/texlive/texmf-dist/tex/generic/pgf/basiclayer/pgfcoregraphicstate.c
ode.tex
File: pgfcoregraphicstate.code.tex 2008/04/22  (rcs-revision 1.9)
\pgflinewidth=\dimen164
)
(/usr/share/texlive/texmf-dist/tex/generic/pgf/basiclayer/pgfcoretransformation
s.code.tex
File: pgfcoretransformations.code.tex 2009/06/10  (rcs-revision 1.11)
\pgf@pt@x=\dimen165
\pgf@pt@y=\dimen166
\pgf@pt@temp=\dimen167
)
(/usr/share/texlive/texmf-dist/tex/generic/pgf/basiclayer/pgfcorequick.code.tex
File: pgfcorequick.code.tex 2008/10/09  (rcs-revision 1.3)
)
(/usr/share/texlive/texmf-dist/tex/generic/pgf/basiclayer/pgfcoreobjects.code.t
ex
File: pgfcoreobjects.code.tex 2006/10/11  (rcs-revision 1.2)
)
(/usr/share/texlive/texmf-dist/tex/generic/pgf/basiclayer/pgfcorepathprocessing
.code.tex
File: pgfcorepathprocessing.code.tex 2008/10/09  (rcs-revision 1.8)
)
(/usr/share/texlive/texmf-dist/tex/generic/pgf/basiclayer/pgfcorearrows.code.te
x
File: pgfcorearrows.code.tex 2008/04/23  (rcs-revision 1.11)
)
(/usr/share/texlive/texmf-dist/tex/generic/pgf/basiclayer/pgfcoreshade.code.tex
File: pgfcoreshade.code.tex 2008/11/23  (rcs-revision 1.13)
\pgf@max=\dimen168
\pgf@sys@shading@range@num=\count122
)
(/usr/share/texlive/texmf-dist/tex/generic/pgf/basiclayer/pgfcoreimage.code.tex
File: pgfcoreimage.code.tex 2010/03/25  (rcs-revision 1.16)

(/usr/share/texlive/texmf-dist/tex/generic/pgf/basiclayer/pgfcoreexternal.code.
tex
File: pgfcoreexternal.code.tex 2010/09/01  (rcs-revision 1.17)
\pgfexternal@startupbox=\box35
))
(/usr/share/texlive/texmf-dist/tex/generic/pgf/basiclayer/pgfcorelayers.code.te
x
File: pgfcorelayers.code.tex 2010/08/27  (rcs-revision 1.2)
)
(/usr/share/texlive/texmf-dist/tex/generic/pgf/basiclayer/pgfcoretransparency.c
ode.tex
File: pgfcoretransparency.code.tex 2008/01/17  (rcs-revision 1.2)
)
(/usr/share/texlive/texmf-dist/tex/generic/pgf/basiclayer/pgfcorepatterns.code.
tex
File: pgfcorepatterns.code.tex 2009/07/02  (rcs-revision 1.3)
)))
(/usr/share/texlive/texmf-dist/tex/generic/pgf/modules/pgfmoduleshapes.code.tex
File: pgfmoduleshapes.code.tex 2010/09/09  (rcs-revision 1.13)
\pgfnodeparttextbox=\box36
) (/usr/share/texlive/texmf-dist/tex/generic/pgf/modules/pgfmoduleplot.code.tex
File: pgfmoduleplot.code.tex 2010/10/22  (rcs-revision 1.8)
)
(/usr/share/texlive/texmf-dist/tex/latex/pgf/compatibility/pgfcomp-version-0-65
.sty
Package: pgfcomp-version-0-65 2007/07/03 v2.10 (rcs-revision 1.7)
\pgf@nodesepstart=\dimen169
\pgf@nodesepend=\dimen170
)
(/usr/share/texlive/texmf-dist/tex/latex/pgf/compatibility/pgfcomp-version-1-18
.sty
Package: pgfcomp-version-1-18 2007/07/23 v2.10 (rcs-revision 1.1)
)) (/usr/share/texlive/texmf-dist/tex/latex/tools/verbatim.sty
Package: verbatim 2003/08/22 v1.5q LaTeX2e package for verbatim enhancements
\every@verbatim=\toks33
\verbatim@line=\toks34
\verbatim@in@stream=\read2
)
\tcb@titlebox=\box37
\tcb@upperbox=\box38
\tcb@lowerbox=\box39
\c@tcbbreakpart=\count123
\tcb@out=\write4
)
(/usr/share/texlive/texmf-dist/tex/latex/tcolorbox/tcbskins.code.tex
(/usr/share/texlive/texmf-dist/tex/latex/pgf/frontendlayer/tikz.sty
(/usr/share/texlive/texmf-dist/tex/latex/pgf/utilities/pgffor.sty
(/usr/share/texlive/texmf-dist/tex/latex/pgf/utilities/pgfkeys.sty
(/usr/share/texlive/texmf-dist/tex/generic/pgf/utilities/pgfkeys.code.tex))
(/usr/share/texlive/texmf-dist/tex/generic/pgf/utilities/pgffor.code.tex
Package: pgffor 2010/03/23 v2.10 (rcs-revision 1.18)
\pgffor@iter=\dimen171
\pgffor@skip=\dimen172
\pgffor@stack=\toks35
\pgffor@toks=\toks36
))
(/usr/share/texlive/texmf-dist/tex/generic/pgf/frontendlayer/tikz/tikz.code.tex
Package: tikz 2010/10/13 v2.10 (rcs-revision 1.76)

(/usr/share/texlive/texmf-dist/tex/generic/pgf/libraries/pgflibraryplothandlers
.code.tex
File: pgflibraryplothandlers.code.tex 2010/05/31 v2.10 (rcs-revision 1.15)
\pgf@plot@mark@count=\count124
\pgfplotmarksize=\dimen173
)
\tikz@lastx=\dimen174
\tikz@lasty=\dimen175
\tikz@lastxsaved=\dimen176
\tikz@lastysaved=\dimen177
\tikzleveldistance=\dimen178
\tikzsiblingdistance=\dimen179
\tikz@figbox=\box40
\tikz@tempbox=\box41
\tikztreelevel=\count125
\tikznumberofchildren=\count126
\tikznumberofcurrentchild=\count127
\tikz@fig@count=\count128

(/usr/share/texlive/texmf-dist/tex/generic/pgf/modules/pgfmodulematrix.code.tex
File: pgfmodulematrix.code.tex 2010/08/24  (rcs-revision 1.4)
\pgfmatrixcurrentrow=\count129
\pgfmatrixcurrentcolumn=\count130
\pgf@matrix@numberofcolumns=\count131
)
\tikz@expandcount=\count132

(/usr/share/texlive/texmf-dist/tex/generic/pgf/frontendlayer/tikz/libraries/tik
zlibrarytopaths.code.tex
File: tikzlibrarytopaths.code.tex 2008/06/17 v2.10 (rcs-revision 1.2)
)))
\tcb@waterbox=\box42
)
(/usr/share/texlive/texmf-dist/tex/latex/tcolorbox/tcbbreakable.code.tex
\tcb@totalupperbox=\box43
\tcb@totallowerbox=\box44
)
(/usr/share/texlive/texmf-dist/tex/latex/caption/subcaption.sty
Package: subcaption 2013/02/03 v1.1-62 Sub-captions (AR)
\c@subfigure=\count133
\c@subtable=\count134
)
(/usr/share/texlive/texmf-dist/tex/latex/amsfonts/amssymb.sty
Package: amssymb 2013/01/14 v3.01 AMS font symbols

(/usr/share/texlive/texmf-dist/tex/latex/amsfonts/amsfonts.sty
Package: amsfonts 2013/01/14 v3.01 Basic AMSFonts support
\symAMSa=\mathgroup4
\symAMSb=\mathgroup5
LaTeX Font Info:    Overwriting math alphabet `\mathfrak' in version `bold'
(Font)                  U/euf/m/n --> U/euf/b/n on input line 106.
))
(/usr/share/texlive/texmf-dist/tex/latex/caption/newfloat.sty
Package: newfloat 2013/02/03 v1.0-62 Defining new floating environments (AR)
)
(/usr/share/texlive/texmf-dist/tex/latex/listings/listings.sty
\lst@mode=\count135
\lst@gtempboxa=\box45
\lst@token=\toks37
\lst@length=\count136
\lst@currlwidth=\dimen180
\lst@column=\count137
\lst@pos=\count138
\lst@lostspace=\dimen181
\lst@width=\dimen182
\lst@newlines=\count139
\lst@lineno=\count140
\lst@maxwidth=\dimen183

(/usr/share/texlive/texmf-dist/tex/latex/listings/lstmisc.sty
File: lstmisc.sty 2007/02/22 1.4 (Carsten Heinz)
\c@lstnumber=\count141
\lst@skipnumbers=\count142
\lst@framebox=\box46
)
(/usr/share/texlive/texmf-dist/tex/latex/listings/listings.cfg
File: listings.cfg 2007/02/22 1.4 listings configuration
))
Package: listings 2007/02/22 1.4 (Carsten Heinz)
\@float@every@listing=\toks38
\c@listing=\count143

No file AnonymousSubmission2027.aux.
\openout1 = `AnonymousSubmission2027.aux'.

LaTeX Font Info:    Checking defaults for OML/cmm/m/it on input line 173.
LaTeX Font Info:    ... okay on input line 173.
LaTeX Font Info:    Checking defaults for T1/cmr/m/n on input line 173.
LaTeX Font Info:    ... okay on input line 173.
LaTeX Font Info:    Checking defaults for OT1/cmr/m/n on input line 173.
LaTeX Font Info:    ... okay on input line 173.
LaTeX Font Info:    Checking defaults for OMS/cmsy/m/n on input line 173.
LaTeX Font Info:    ... okay on input line 173.
LaTeX Font Info:    Checking defaults for OMX/cmex/m/n on input line 173.
LaTeX Font Info:    ... okay on input line 173.
LaTeX Font Info:    Checking defaults for U/cmr/m/n on input line 173.
LaTeX Font Info:    ... okay on input line 173.
LaTeX Font Info:    Try loading font information for T1+ntxrx on input line 173
.
(/usr/share/texlive/texmf-dist/tex/latex/newtx/t1ntxrx.fd
File: t1ntxrx.fd 2012/12/25 v1.0
)
\c@mv@tabular=\count144
\c@mv@boldtabular=\count145

(/usr/share/texlive/texmf-dist/tex/context/base/supp-pdf.mkii
[Loading MPS to PDF converter (version 2006.09.02).]
\scratchcounter=\count146
\scratchdimen=\dimen184
\scratchbox=\box47
\nofMPsegments=\count147
\nofMParguments=\count148
\everyMPshowfont=\toks39
\MPscratchCnt=\count149
\MPscratchDim=\dimen185
\MPnumerator=\count150
\makeMPintoPDFobject=\count151
\everyMPtoPDFconversion=\toks40
) (/usr/share/texlive/texmf-dist/tex/generic/oberdiek/pdftexcmds.sty
Package: pdftexcmds 2011/11/29 v0.20 Utility functions of pdfTeX for LuaTeX (HO
)

(/usr/share/texlive/texmf-dist/tex/generic/oberdiek/ifluatex.sty
Package: ifluatex 2010/03/01 v1.3 Provides the ifluatex switch (HO)
Package ifluatex Info: LuaTeX not detected.
)
(/usr/share/texlive/texmf-dist/tex/generic/oberdiek/ifpdf.sty
Package: ifpdf 2011/01/30 v2.3 Provides the ifpdf switch (HO)
Package ifpdf Info: pdfTeX in PDF mode is detected.
)
Package pdftexcmds Info: LuaTeX not detected.
Package pdftexcmds Info: \pdf@primitive is available.
Package pdftexcmds Info: \pdf@ifprimitive is available.
Package pdftexcmds Info: \pdfdraftmode found.
)
(/usr/share/texlive/texmf-dist/tex/latex/oberdiek/epstopdf-base.sty
Package: epstopdf-base 2010/02/09 v2.5 Base part for package epstopdf

(/usr/share/texlive/texmf-dist/tex/latex/oberdiek/grfext.sty
Package: grfext 2010/08/19 v1.1 Manage graphics extensions (HO)

(/usr/share/texlive/texmf-dist/tex/generic/oberdiek/kvdefinekeys.sty
Package: kvdefinekeys 2011/04/07 v1.3 Define keys (HO)
))
(/usr/share/texlive/texmf-dist/tex/latex/oberdiek/kvoptions.sty
Package: kvoptions 2011/06/30 v3.11 Key value format for package options (HO)

(/usr/share/texlive/texmf-dist/tex/generic/oberdiek/kvsetkeys.sty
Package: kvsetkeys 2012/04/25 v1.16 Key value parser (HO)

(/usr/share/texlive/texmf-dist/tex/generic/oberdiek/etexcmds.sty
Package: etexcmds 2011/02/16 v1.5 Avoid name clashes with e-TeX commands (HO)
Package etexcmds Info: Could not find \expanded.
(etexcmds)             That can mean that you are not using pdfTeX 1.50 or
(etexcmds)             that some package has redefined \expanded.
(etexcmds)             In the latter case, load this package earlier.
)))
Package grfext Info: Graphics extension search list:
(grfext)             [.png,.pdf,.jpg,.mps,.jpeg,.jbig2,.jb2,.PNG,.PDF,.JPG,.JPE
G,.JBIG2,.JB2,.eps]
(grfext)             \AppendGraphicsExtensions on input line 452.

(/usr/share/texlive/texmf-dist/tex/latex/latexconfig/epstopdf-sys.cfg
File: epstopdf-sys.cfg 2010/07/13 v1.3 Configuration of (r)epstopdf for TeX Liv
e
))
Package caption Info: Begin \AtBeginDocument code.
Package caption Info: float package is loaded.
Package caption Info: listings package is loaded.
Package caption Info: End \AtBeginDocument code.

ABD: EveryShipout initializing macros
\c@lstlisting=\count152
\c@aaai@eqfn=\count153
\c@aaai@corrfn=\count154
\titlearea=\box48
\actualheight=\skip54
LaTeX Font Info:    Try loading font information for U+msa on input line 183.

(/usr/share/texlive/texmf-dist/tex/latex/amsfonts/umsa.fd
File: umsa.fd 2013/01/14 v3.01 AMS symbols A
)
LaTeX Font Info:    Try loading font information for U+msb on input line 183.

(/usr/share/texlive/texmf-dist/tex/latex/amsfonts/umsb.fd
File: umsb.fd 2013/01/14 v3.01 AMS symbols B
) (./secs/1_intro.tex

Package natbib Warning: Citation `qin2025uitars' on page 1 undefined on input l
ine 8.


Package natbib Warning: Citation `wu2025atlas' on page 1 undefined on input lin
e 8.


Package natbib Warning: Citation `ye2025guiowl' on page 1 undefined on input li
ne 8.


Package natbib Warning: Citation `gu2025uivenus' on page 1 undefined on input l
ine 8.


Package natbib Warning: Citation `xu2025attention' on page 1 undefined on input
 line 12.


Package natbib Warning: Citation `wu2025gui' on page 1 undefined on input line 
12.


Package natbib Warning: Citation `lin2026happens' on page 1 undefined on input 
line 12.


Package natbib Warning: Citation `darcet2024registers' on page 1 undefined on i
nput line 12.


Package natbib Warning: Citation `lan2024clearclip' on page 1 undefined on inpu
t line 12.


Package natbib Warning: Citation `chen2025rethinking' on page 1 undefined on in
put line 12.


Package natbib Warning: Citation `xu2026mobile' on page 1 undefined on input li
ne 14.


Package natbib Warning: Citation `yang2026gui' on page 1 undefined on input lin
e 14.


Package natbib Warning: Citation `zhou2025gui' on page 1 undefined on input lin
e 14.


Package natbib Warning: Citation `zhang2025does' on page 1 undefined on input l
ine 14.


Package natbib Warning: Citation `zhang2026omegause' on page 1 undefined on inp
ut line 14.


Package natbib Warning: Citation `qwen25vl' on page 1 undefined on input line 3
3.


Package natbib Warning: Citation `qwen3vl' on page 1 undefined on input line 33
.


Package natbib Warning: Citation `screenspotpro' on page 1 undefined on input l
ine 33.


Package natbib Warning: Citation `Os-atlas' on page 1 undefined on input line 3
3.


Package natbib Warning: Citation `xie2025scaling' on page 1 undefined on input 
line 33.


Package natbib Warning: Citation `mmbench' on page 1 undefined on input line 33
.


Package natbib Warning: Citation `ui-vision' on page 1 undefined on input line 
33.


Underfull \hbox (badness 1603) in paragraph at lines 33--36
[]\T1/ntxrx/m/n/10 We eval-u-ate \T1/ntxrx/m/sc/10 ZwerGe-UI \T1/ntxrx/m/n/10 o
n four GUI agents span-
 []

[1{/usr/share/texlive/texmf/fonts/map/pdftex/updmap/pdftex.map}



]
LaTeX Font Info:    Try loading font information for OMS+ntxrx on input line 39
.
LaTeX Font Info:    No file OMSntxrx.fd. on input line 39.


LaTeX Font Warning: Font shape `OMS/ntxrx/m/n' undefined
(Font)              using `OMS/cmsy/m/n' instead
(Font)              for symbol `textbullet' on input line 39.


LaTeX Warning: Reference `sec:experiments:main' on page 2 undefined on input li
ne 43.


Underfull \hbox (badness 3138) in paragraph at lines 43--44
\T1/ntxrx/m/n/10 retrofit that re-cov-ers intermediate-layer spa-tial sig-
 []


Underfull \hbox (badness 2503) in paragraph at lines 43--44
\T1/ntxrx/m/n/10 nals through cross-attention probes. It sub-stan-tially
 []

) (./secs/3_analysis.tex

Package natbib Warning: Citation `qwen25vl' on page 2 undefined on input line 1
1.


Package natbib Warning: Citation `qwen3vl' on page 2 undefined on input line 11
.


Package natbib Warning: Citation `screenspotpro' on page 2 undefined on input l
ine 11.


Package natbib Warning: Citation `Os-atlas' on page 2 undefined on input line 1
1.


LaTeX Warning: Reference `sec:method:stage1' on page 2 undefined on input line 
12.

<figs/fig3_serialization_lens.pdf, id=17, 926.84077pt x 265.08034pt>
File: figs/fig3_serialization_lens.pdf Graphic file (type pdf)

<use figs/fig3_serialization_lens.pdf>
Package pdftex.def Info: figs/fig3_serialization_lens.pdf used on input line 17
.
(pdftex.def)             Requested size: 505.89pt x 144.6904pt.


LaTeX Warning: Reference `fig:serialization_lens' on page 2 undefined on input 
line 34.


LaTeX Warning: Reference `tab:ood_peak_layer' on page 2 undefined on input line
 45.


LaTeX Warning: Reference `tab:bootstrap_ci' on page 2 undefined on input line 4
6.


LaTeX Warning: Reference `fig:serialization_lens' on page 2 undefined on input 
line 58.


LaTeX Warning: Reference `fig:counterfactual' on page 2 undefined on input line
 76.

<figs/fig4_instruction_suppression.pdf, id=18, 918.57362pt x 265.08034pt>
File: figs/fig4_instruction_suppression.pdf Graphic file (type pdf)

<use figs/fig4_instruction_suppression.pdf>
Package pdftex.def Info: figs/fig4_instruction_suppression.pdf used on input li
ne 82.
(pdftex.def)             Requested size: 505.89pt x 145.98877pt.


LaTeX Warning: Reference `fig:serialization_lens' on page 2 undefined on input 
line 88.


LaTeX Warning: Reference `fig:serialization_lens' on page 2 undefined on input 
line 88.

[2]

LaTeX Warning: Reference `tab:resolution_comparison' on page 3 undefined on inp
ut line 105.


LaTeX Warning: Reference `tab:resolution_comparison' on page 3 undefined on inp
ut line 134.


LaTeX Warning: Reference `fig:targetsize_gap' on page 3 undefined on input line
 135.


LaTeX Warning: Reference `tab:targetsize_gap' on page 3 undefined on input line
 135.


Underfull \vbox (badness 1371) has occurred while \output is active []

 [3 <./figs/fig3_serialization_lens.pdf> <./figs/fig4_instruction_suppression.p
df>]

LaTeX Warning: Reference `sec:method' on page 4 undefined on input line 145.

) (./secs/4_method.tex <figs/pipeline.pdf, id=153, 615.29875pt x 378.41376pt>
File: figs/pipeline.pdf Graphic file (type pdf)

<use figs/pipeline.pdf>
Package pdftex.def Info: figs/pipeline.pdf used on input line 7.
(pdftex.def)             Requested size: 480.59395pt x 295.5715pt.


LaTeX Warning: Reference `sec:analysis' on page 4 undefined on input line 18.


LaTeX Warning: Reference `sec:analysis' on page 4 undefined on input line 20.


LaTeX Warning: Reference `fig:zwerge_pipeline' on page 4 undefined on input lin
e 21.

LaTeX Font Info:    Try loading font information for T1+pcr on input line 36.
(/usr/share/texlive/texmf-dist/tex/latex/psnfss/t1pcr.fd
File: t1pcr.fd 2001/06/04 font definitions for T1/pcr.
)

LaTeX Warning: Reference `sec:analysis' on page 4 undefined on input line 48.


LaTeX Warning: Reference `fig:zwerge_pipeline' on page 4 undefined on input lin
e 59.


LaTeX Warning: Reference `fig:zwerge_pipeline' on page 4 undefined on input lin
e 102.

[4]

LaTeX Warning: Reference `sec:analysis:layerwise' on page 5 undefined on input 
line 105.

[5 <./figs/pipeline.pdf>]
Underfull \hbox (badness 5711) in paragraph at lines 141--142
 \T1/ntxrx/bx/n/10 Level 1: re-gion re-ranking. \T1/ntxrx/m/n/10 Thresh-old-ing
 $\OML/cmm/m/it/10 p[]$ \T1/ntxrx/m/n/10 at
 []


LaTeX Warning: Reference `sec:analysis' on page 6 undefined on input line 154.


Package natbib Warning: Citation `focusui' on page 6 undefined on input line 15
4.

) (./secs/5_experiment.tex

LaTeX Warning: Reference `sec:experiments:setup' on page 6 undefined on input l
ine 14.


LaTeX Warning: Reference `sec:experiments:setup' on page 6 undefined on input l
ine 14.


Overfull \hbox (6.36252pt too wide) in paragraph at lines 51--73
 [][] 
 []


Package natbib Warning: Citation `screenspotpro' on page 6 undefined on input l
ine 115.


LaTeX Warning: Reference `sec:analysis' on page 6 undefined on input line 115.


Package natbib Warning: Citation `Os-atlas' on page 6 undefined on input line 1
16.


Package natbib Warning: Citation `xie2025scaling' on page 6 undefined on input 
line 117.


Package natbib Warning: Citation `mmbench' on page 6 undefined on input line 11
8.


Package natbib Warning: Citation `ui-vision' on page 6 undefined on input line 
119.


Underfull \hbox (badness 3009) in paragraph at lines 114--120
\T1/ntxrx/m/n/10 marks span-ning desk-top, web, and mo-bile plat-forms.
 []


LaTeX Warning: Reference `sec:method:p2p' on page 6 undefined on input line 127
.


LaTeX Warning: Reference `tab:proposal_recall' on page 6 undefined on input lin
e 129.

[6]

Package natbib Warning: Citation `ye2025guiowl' on page 7 undefined on input li
ne 132.


Package natbib Warning: Citation `qin2025uitars' on page 7 undefined on input l
ine 132.


Package natbib Warning: Citation `xu2026mobile' on page 7 undefined on input li
ne 132.


Package natbib Warning: Citation `team2026ui' on page 7 undefined on input line
 132.


LaTeX Warning: Reference `sec:method:stage1' on page 7 undefined on input line 
135.


LaTeX Warning: Reference `sec:method:stage2' on page 7 undefined on input line 
135.


LaTeX Warning: Reference `tab:main_sspro' on page 7 undefined on input line 211
.


LaTeX Warning: Reference `tab:main_uivision' on page 7 undefined on input line 
211.


LaTeX Warning: Reference `sec:experiments:setup' on page 7 undefined on input l
ine 211.


LaTeX Warning: Reference `tab:proposal_recall' on page 7 undefined on input lin
e 217.


LaTeX Warning: Reference `sec:experiments:severity' on page 7 undefined on inpu
t line 219.


LaTeX Warning: Reference `fig:bottleneck_severity' on page 7 undefined on input
 line 219.


LaTeX Warning: Reference `sec:experiments:p2p' on page 7 undefined on input lin
e 219.

[7]

LaTeX Warning: Reference `sec:experiments:severity' on page 8 undefined on inpu
t line 243.


LaTeX Warning: Reference `sec:method:p2p' on page 8 undefined on input line 243
.


LaTeX Warning: Reference `sec:experiments:severity' on page 8 undefined on inpu
t line 243.


LaTeX Warning: Reference `sec:method:p2p' on page 8 undefined on input line 243
.


Overfull \hbox (61.98239pt too wide) in paragraph at lines 247--280
 [][] 
 []


LaTeX Warning: Reference `tab:proposal_recall' on page 8 undefined on input lin
e 288.


LaTeX Warning: Reference `fig:bottleneck_severity' on page 8 undefined on input
 line 292.


LaTeX Warning: Reference `sec:method:p2p' on page 8 undefined on input line 295
.


Underfull \hbox (badness 2591) in paragraph at lines 292--296
\T1/ntxrx/m/n/10 VL back-bones (blue) oc-cupy the positive-headroom /
 []

<figs/bottleneck_severity.pdf, id=184, 368.23198pt x 278.51741pt>
File: figs/bottleneck_severity.pdf Graphic file (type pdf)

<use figs/bottleneck_severity.pdf>
Package pdftex.def Info: figs/bottleneck_severity.pdf used on input line 299.
(pdftex.def)             Requested size: 203.48668pt x 153.91176pt.

<figs/sspro_gt_sizes.pdf, id=185, 368.2558pt x 220.72739pt>
File: figs/sspro_gt_sizes.pdf Graphic file (type pdf)

<use figs/sspro_gt_sizes.pdf>
Package pdftex.def Info: figs/sspro_gt_sizes.pdf used on input line 311.
(pdftex.def)             Requested size: 220.24239pt x 132.0097pt.


LaTeX Warning: Reference `sec:experiments:p2p' on page 8 undefined on input lin
e 315.


LaTeX Warning: Reference `sec:experiments:p2p' on page 8 undefined on input lin
e 315.


LaTeX Warning: Reference `tab:p2p_results' on page 8 undefined on input line 32
5.


LaTeX Warning: Reference `sec:method:p2p' on page 8 undefined on input line 325
.

[8]

LaTeX Warning: Reference `sec:experiments:severity' on page 9 undefined on inpu
t line 330.


LaTeX Warning: Reference `tab:proposal_recall' on page 9 undefined on input lin
e 340.


LaTeX Warning: Reference `tab:proposal_recall' on page 9 undefined on input lin
e 340.


Overfull \hbox (20.68399pt too wide) in paragraph at lines 344--365
 [][] 
 []

<figs/error_quadrants.pdf, id=189, 397.41191pt x 236.7131pt>
File: figs/error_quadrants.pdf Graphic file (type pdf)

<use figs/error_quadrants.pdf>
Package pdftex.def Info: figs/error_quadrants.pdf used on input line 370.
(pdftex.def)             Requested size: 227.42392pt x 135.46243pt.


LaTeX Warning: Reference `sec:experiments:main' on page 9 undefined on input li
ne 413.


LaTeX Warning: Reference `sec:method:stage2' on page 9 undefined on input line 
417.


LaTeX Warning: Reference `tab:ablation' on page 9 undefined on input line 421.

[9 <./figs/bottleneck_severity.pdf>]) (./secs/6_conclusion.tex)
Underfull \vbox (badness 10000) has occurred while \output is active []

 [10 <./figs/sspro_gt_sizes.pdf> <./figs/error_quadrants.pdf>]
(./AnonymousSubmission2027.bbl
Underfull \hbox (badness 1460) in paragraph at lines 12--17
\T1/ntxrx/m/n/10 Language Model for Un-der-stand-ing, Lo-cal-iza-tion, Text
 []


Underfull \hbox (badness 1127) in paragraph at lines 176--180
[]\T1/ntxrx/m/n/10 Lin, J.; Shen, F.; Li, J.; Nie, P.; Yu, F.; Li, M.; and
 []

[11]
Underfull \hbox (badness 1810) in paragraph at lines 369--373
[]\T1/ntxrx/m/n/10 Xu, H.-M.; Chen, Q.; Wang, L.; and Liu, L. 2025a.
 []

[12]) (./secs/2_related.tex

Package natbib Warning: Citation `sun2022metagui' on page 13 undefined on input
 line 5.


Package natbib Warning: Citation `hong2024cogagent' on page 13 undefined on inp
ut line 5.


Package natbib Warning: Citation `cheng2024seeclick' on page 13 undefined on in
put line 5.


Package natbib Warning: Citation `you2024ferretui' on page 13 undefined on inpu
t line 5.


Package natbib Warning: Citation `lu2024omniparser' on page 13 undefined on inp
ut line 5.


Package natbib Warning: Citation `gou2024navigating' on page 13 undefined on in
put line 5.


Package natbib Warning: Citation `Os-atlas' on page 13 undefined on input line 
5.


Package natbib Warning: Citation `lin2025showui' on page 13 undefined on input 
line 5.


Package natbib Warning: Citation `xu2024aguvis' on page 13 undefined on input l
ine 5.


Package natbib Warning: Citation `qin2025uitars' on page 13 undefined on input 
line 5.


Package natbib Warning: Citation `screenspotpro' on page 13 undefined on input 
line 5.


Package natbib Warning: Citation `lu2025ui' on page 13 undefined on input line 
7.


Package natbib Warning: Citation `luo2025gui' on page 13 undefined on input lin
e 7.


Package natbib Warning: Citation `liu2025infigui' on page 13 undefined on input
 line 7.


Package natbib Warning: Citation `zhou2025gui' on page 13 undefined on input li
ne 7.


Package natbib Warning: Citation `liu2026infigui' on page 13 undefined on input
 line 7.


Package natbib Warning: Citation `fan2024readpointed' on page 13 undefined on i
nput line 7.


Package natbib Warning: Citation `xu2025attention' on page 13 undefined on inpu
t line 7.


Package natbib Warning: Citation `wu2025gui' on page 13 undefined on input line
 7.


Package natbib Warning: Citation `luo2025regionfocus' on page 13 undefined on i
nput line 7.


Package natbib Warning: Citation `wu2025dimogui' on page 13 undefined on input 
line 7.


Package natbib Warning: Citation `ouyang2026focusui' on page 13 undefined on in
put line 7.


Package natbib Warning: Citation `lin2026happens' on page 13 undefined on input
 line 7.


Package natbib Warning: Citation `dosovitskiy2021vit' on page 13 undefined on i
nput line 13.


Package natbib Warning: Citation `radford2021clip' on page 13 undefined on inpu
t line 13.


Package natbib Warning: Citation `carion2020detr' on page 13 undefined on input
 line 13.


Package natbib Warning: Citation `kamath2021mdetr' on page 13 undefined on inpu
t line 13.


Package natbib Warning: Citation `li2022glip' on page 13 undefined on input lin
e 13.


Package natbib Warning: Citation `liu2023groundingdino' on page 13 undefined on
 input line 13.


Package natbib Warning: Citation `minderer2022owlvit' on page 13 undefined on i
nput line 13.


Package natbib Warning: Citation `kirillov2023sam' on page 13 undefined on inpu
t line 13.


Package natbib Warning: Citation `peng2023kosmos2' on page 13 undefined on inpu
t line 13.


Package natbib Warning: Citation `chen2023shikra' on page 13 undefined on input
 line 13.


Package natbib Warning: Citation `you2023ferret' on page 13 undefined on input 
line 13.


Package natbib Warning: Citation `bai2023qwenvl' on page 13 undefined on input 
line 13.


Package natbib Warning: Citation `bai2025qwen25vl' on page 13 undefined on inpu
t line 13.


Package natbib Warning: Citation `kim2021vilt' on page 13 undefined on input li
ne 14.


Package natbib Warning: Citation `cao2023pumer' on page 13 undefined on input l
ine 14.


Package natbib Warning: Citation `chen2024fastv' on page 13 undefined on input 
line 14.


Package natbib Warning: Citation `li2024tokenpacker' on page 13 undefined on in
put line 14.


Package natbib Warning: Citation `abnar2020attentionflow' on page 13 undefined 
on input line 14.


Package natbib Warning: Citation `chefer2021transformer' on page 13 undefined o
n input line 14.


Package natbib Warning: Citation `xiao2023streamingllm' on page 13 undefined on
 input line 14.


Package natbib Warning: Citation `darcet2024registers' on page 13 undefined on 
input line 14.


Package natbib Warning: Citation `kang2025visualsink' on page 13 undefined on i
nput line 14.

) (./secs/a_appendix.tex

LaTeX Warning: Reference `fig:app_perlayer_combined' on page 13 undefined on in
put line 18.


Underfull \vbox (badness 1303) has occurred while \output is active []

 [13]

LaTeX Warning: Reference `sec:method:stage1' on page 14 undefined on input line
 23.


LaTeX Warning: Reference `sec:analysis' on page 14 undefined on input line 33.


LaTeX Warning: Reference `sec:analysis:layerwise' on page 14 undefined on input
 line 41.


<figs/a7_layerwise_plots/a7_layerwise_combined.pdf, id=382, 1178.09508pt x 1332
.71019pt>
File: figs/a7_layerwise_plots/a7_layerwise_combined.pdf Graphic file (type pdf)

 <use figs/a7_layerwise_plots/a7_layerwise_combined.pdf>
Package pdftex.def Info: figs/a7_layerwise_plots/a7_layerwise_combined.pdf used
 on input line 52.
(pdftex.def)             Requested size: 505.88791pt x 520.34462pt.


LaTeX Warning: Reference `sec:analysis' on page 14 undefined on input line 62.


LaTeX Warning: Reference `sec:analysis' on page 14 undefined on input line 62.


LaTeX Warning: Reference `fig:app_perlayer_sspro' on page 14 undefined on input
 line 68.


LaTeX Warning: Reference `fig:app_perlayer_uivision' on page 14 undefined on in
put line 68.


<figs/a7_layerwise_plots/a7_layerwise_ss_pro.pdf, id=383, 859.38693pt x 587.463
5pt>
File: figs/a7_layerwise_plots/a7_layerwise_ss_pro.pdf Graphic file (type pdf)
 <use figs/a7_layerwise_plots/a7_layerwise_ss_pro.pdf>
Package pdftex.def Info: figs/a7_layerwise_plots/a7_layerwise_ss_pro.pdf used o
n input line 72.
(pdftex.def)             Requested size: 465.41786pt x 318.14885pt.

<figs/a7_layerwise_plots/a7_layerwise_ss_v2.pdf, id=384, 859.38693pt x 587.4635
pt>
File: figs/a7_layerwise_plots/a7_layerwise_ss_v2.pdf Graphic file (type pdf)
 <use figs/a7_layerwise_plots/a7_layerwise_ss_v2.pdf>
Package pdftex.def Info: figs/a7_layerwise_plots/a7_layerwise_ss_v2.pdf used on
 input line 85.
(pdftex.def)             Requested size: 465.41786pt x 318.14885pt.

<figs/a7_layerwise_plots/a7_layerwise_osworld_g.pdf, id=385, 859.38693pt x 587.
4635pt>
File: figs/a7_layerwise_plots/a7_layerwise_osworld_g.pdf Graphic file (type pdf
)
 <use figs/a7_layerwise_plots/a7_layerwise_osworld_g.pdf>
Package pdftex.def Info: figs/a7_layerwise_plots/a7_layerwise_osworld_g.pdf use
d on input line 97.
(pdftex.def)             Requested size: 465.41786pt x 318.14885pt.

<figs/a7_layerwise_plots/a7_layerwise_mmbench.pdf, id=386, 859.38693pt x 587.46
35pt>
File: figs/a7_layerwise_plots/a7_layerwise_mmbench.pdf Graphic file (type pdf)
 <use figs/a7_layerwise_plots/a7_layerwise_mmbench.pdf>
Package pdftex.def Info: figs/a7_layerwise_plots/a7_layerwise_mmbench.pdf used 
on input line 109.
(pdftex.def)             Requested size: 465.41786pt x 318.14885pt.

<figs/a7_layerwise_plots/a7_layerwise_ui_vision.pdf, id=387, 859.38693pt x 587.
4635pt>
File: figs/a7_layerwise_plots/a7_layerwise_ui_vision.pdf Graphic file (type pdf
)
 <use figs/a7_layerwise_plots/a7_layerwise_ui_vision.pdf>
Package pdftex.def Info: figs/a7_layerwise_plots/a7_layerwise_ui_vision.pdf use
d on input line 123.
(pdftex.def)             Requested size: 465.41786pt x 318.14885pt.

(./prompt/uitars.tex

./prompt/uitars.tex:3: Package pgfkeys Error: I do not know the key '/tcb/label
' and I am going to ignore it. Perhaps you misspelled it.

See the pgfkeys package documentation for explanation.
Type  H <return>  for immediate help.
 ...                                              
                                                  
l.3 ..., fonttitle=\bfseries, label=prompt:uitars]
                                                  
This error message was generated by an \errmessage
command, so I can't give any explicit help.
Pretend that you're Hercule Poirot: Examine all clues,
and deduce the truth by order and method.

) (./prompt/guiowl.tex

./prompt/guiowl.tex:3: Package pgfkeys Error: I do not know the key '/tcb/label
' and I am going to ignore it. Perhaps you misspelled it.

See the pgfkeys package documentation for explanation.
Type  H <return>  for immediate help.
 ...                                              
                                                  
l.3 ..., fonttitle=\bfseries, label=prompt:guiowl]
                                                  
(That was another \errmessage.)


LaTeX Warning: Float too large for page by 525.64806pt on input line 57.

) (./prompt/guiowl15.tex

./prompt/guiowl15.tex:3: Package pgfkeys Error: I do not know the key '/tcb/lab
el' and I am going to ignore it. Perhaps you misspelled it.

See the pgfkeys package documentation for explanation.
Type  H <return>  for immediate help.
 ...                                              
                                                  
l.3 ...fonttitle=\bfseries, label=prompt:guiowl15]
                                                  
(That was another \errmessage.)


LaTeX Warning: Float too large for page by 45.26012pt on input line 35.

) (./prompt/ui_venus15.tex

./prompt/ui_venus15.tex:3: Package pgfkeys Error: I do not know the key '/tcb/l
abel' and I am going to ignore it. Perhaps you misspelled it.

See the pgfkeys package documentation for explanation.
Type  H <return>  for immediate help.
 ...                                              
                                                  
l.3 ...onttitle=\bfseries, label=prompt:uivenus15]
                                                  
(That was another \errmessage.)

) (./prompt/uitars_ours.tex

./prompt/uitars_ours.tex:3: Package pgfkeys Error: I do not know the key '/tcb/
label' and I am going to ignore it. Perhaps you misspelled it.

See the pgfkeys package documentation for explanation.
Type  H <return>  for immediate help.
 ...                                              
                                                  
l.3 ...le=\bfseries, label=prompt:uitars-retrofit]
                                                  
(That was another \errmessage.)

) (./prompt/guiowl_ours.tex

./prompt/guiowl_ours.tex:3: Package pgfkeys Error: I do not know the key '/tcb/
label' and I am going to ignore it. Perhaps you misspelled it.

See the pgfkeys package documentation for explanation.
Type  H <return>  for immediate help.
 ...                                              
                                                  
l.3 ...le=\bfseries, label=prompt:guiowl-retrofit]
                                                  
(That was another \errmessage.)


LaTeX Warning: Float too large for page by 361.22523pt on input line 43.

) (./prompt/ui_venus15_ours.tex

./prompt/ui_venus15_ours.tex:3: Package pgfkeys Error: I do not know the key '/
tcb/label' and I am going to ignore it. Perhaps you misspelled it.

See the pgfkeys package documentation for explanation.
Type  H <return>  for immediate help.
 ...                                              
                                                  
l.3 ...e=\bfseries, label=prompt:uivenus-retrofit]
                                                  
(That was another \errmessage.)

) <figs/append/uitars/idx00021.png, id=388, 1222.5675pt x 1174.3875pt>
File: figs/append/uitars/idx00021.png Graphic file (type png)

<use figs/append/uitars/idx00021.png>
Package pdftex.def Info: figs/append/uitars/idx00021.png used on input line 156
.
(pdftex.def)             Requested size: 379.4175pt x 364.45059pt.

<figs/append/uitars/idx00440.png, id=389, 1222.5675pt x 1174.3875pt>
File: figs/append/uitars/idx00440.png Graphic file (type png)

<use figs/append/uitars/idx00440.png>
Package pdftex.def Info: figs/append/uitars/idx00440.png used on input line 163
.
(pdftex.def)             Requested size: 379.4175pt x 364.45059pt.


LaTeX Warning: Float too large for page by 106.47125pt on input line 168.

<figs/append/uitars/idx00114.png, id=390, 1222.5675pt x 1174.3875pt>
File: figs/append/uitars/idx00114.png Graphic file (type png)

<use figs/append/uitars/idx00114.png>
Package pdftex.def Info: figs/append/uitars/idx00114.png used on input line 175
.
(pdftex.def)             Requested size: 379.4175pt x 364.45059pt.

<figs/append/uitars/idx00329.png, id=391, 1222.5675pt x 1174.3875pt>
File: figs/append/uitars/idx00329.png Graphic file (type png)

<use figs/append/uitars/idx00329.png>
Package pdftex.def Info: figs/append/uitars/idx00329.png used on input line 182
.
(pdftex.def)             Requested size: 379.4175pt x 364.45059pt.


LaTeX Warning: Float too large for page by 106.47125pt on input line 187.

<figs/append/uivenus/idx00015.png, id=392, 1222.5675pt x 1429.34pt>
File: figs/append/uivenus/idx00015.png Graphic file (type png)

<use figs/append/uivenus/idx00015.png>
Package pdftex.def Info: figs/append/uivenus/idx00015.png used on input line 19
6.
(pdftex.def)             Requested size: 328.82541pt x 384.42207pt.

<figs/append/uivenus/idx02155.png, id=393, 1222.5675pt x 1429.34pt>
File: figs/append/uivenus/idx02155.png Graphic file (type png)

<use figs/append/uivenus/idx02155.png>
Package pdftex.def Info: figs/append/uivenus/idx02155.png used on input line 20
3.
(pdftex.def)             Requested size: 328.82541pt x 384.42207pt.


LaTeX Warning: Float too large for page by 146.41422pt on input line 208.

<figs/append/uivenus/idx00405.png, id=394, 1222.5675pt x 1429.34pt>
File: figs/append/uivenus/idx00405.png Graphic file (type png)

<use figs/append/uivenus/idx00405.png>
Package pdftex.def Info: figs/append/uivenus/idx00405.png used on input line 21
5.
(pdftex.def)             Requested size: 328.82541pt x 384.42207pt.

<figs/append/uivenus/idx00493.png, id=395, 1222.5675pt x 1429.34pt>
File: figs/append/uivenus/idx00493.png Graphic file (type png)

<use figs/append/uivenus/idx00493.png>
Package pdftex.def Info: figs/append/uivenus/idx00493.png used on input line 22
2.
(pdftex.def)             Requested size: 328.82541pt x 384.42207pt.


LaTeX Warning: Float too large for page by 146.41422pt on input line 227.


LaTeX Warning: Reference `tab:ood_peak_layer' on page 14 undefined on input lin
e 241.


Overfull \hbox (169.91544pt too wide) in paragraph at lines 248--258
 [][] 
 []


LaTeX Warning: Reference `tab:bootstrap_ci' on page 14 undefined on input line 
263.


LaTeX Warning: Reference `tab:bootstrap_ci_exp4' on page 14 undefined on input 
line 263.


./secs/a_appendix.tex:271: LaTeX Error: Too many unprocessed floats.

See the LaTeX manual or LaTeX Companion for explanation.
Type  H <return>  for immediate help.
 ...                                              
                                                  
l.271 \begin{table}[t]
                      
You've lost some text.  Try typing  <return>  to proceed.
If that doesn't work, type  X <return>  to quit.

./secs/a_appendix.tex:271: Undefined control sequence.
\@float@Hx ...ltovf \fi \global \setbox \@currbox 
                                                  \color@vbox \normalcolor \...
l.271 \begin{table}[t]
                      
The control sequence at the end of the top line
of your error message was never \def'ed. If you have
misspelled it (e.g., `\hobx'), type `I' and the correct
spelling (e.g., `I\hbox'). Otherwise just continue,
and I'll forget about whatever was undefined.

./secs/a_appendix.tex:271: Missing number, treated as zero.
<to be read again> 
                   \vbox 
l.271 \begin{table}[t]
                      
A number should have been here; I inserted `0'.
(If you can't figure out why I needed to see a number,
look up `weird error' in the index to The TeXbook.)


Overfull \hbox (143.90718pt too wide) in paragraph at lines 274--284
 [][] 
 []

./secs/a_appendix.tex:286: Undefined control sequence.
\@largefloatcheck ->\ifdim \ht \@currbox 
                                         >\textheight \@tempdima -\textheigh...
l.286 \end{table}
                 
The control sequence at the end of the top line
of your error message was never \def'ed. If you have
misspelled it (e.g., `\hobx'), type `I' and the correct
spelling (e.g., `I\hbox'). Otherwise just continue,
and I'll forget about whatever was undefined.

./secs/a_appendix.tex:286: Missing number, treated as zero.
<to be read again> 
                   >
l.286 \end{table}
                 
A number should have been here; I inserted `0'.
(If you can't figure out why I needed to see a number,
look up `weird error' in the index to The TeXbook.)

./secs/a_appendix.tex:286: Undefined control sequence.
<argument> \@currbox 
                     
l.286 \end{table}
                 
The control sequence at the end of the top line
of your error message was never \def'ed. If you have
misspelled it (e.g., `\hobx'), type `I' and the correct
spelling (e.g., `I\hbox'). Otherwise just continue,
and I'll forget about whatever was undefined.


./secs/a_appendix.tex:287: LaTeX Error: Too many unprocessed floats.

See the LaTeX manual or LaTeX Companion for explanation.
Type  H <return>  for immediate help.
 ...                                              
                                                  
l.287 \begin{table}[t]
                      
You've lost some text.  Try typing  <return>  to proceed.
If that doesn't work, type  X <return>  to quit.

./secs/a_appendix.tex:287: Undefined control sequence.
\@float@Hx ...ltovf \fi \global \setbox \@currbox 
                                                  \color@vbox \normalcolor \...
l.287 \begin{table}[t]
                      
The control sequence at the end of the top line
of your error message was never \def'ed. If you have
misspelled it (e.g., `\hobx'), type `I' and the correct
spelling (e.g., `I\hbox'). Otherwise just continue,
and I'll forget about whatever was undefined.

./secs/a_appendix.tex:287: Missing number, treated as zero.
<to be read again> 
                   \vbox 
l.287 \begin{table}[t]
                      
A number should have been here; I inserted `0'.
(If you can't figure out why I needed to see a number,
look up `weird error' in the index to The TeXbook.)


Overfull \hbox (118.80151pt too wide) in paragraph at lines 290--300
 [][] 
 []

./secs/a_appendix.tex:302: Undefined control sequence.
\@largefloatcheck ->\ifdim \ht \@currbox 
                                         >\textheight \@tempdima -\textheigh...
l.302 \end{table}
                 
The control sequence at the end of the top line
of your error message was never \def'ed. If you have
misspelled it (e.g., `\hobx'), type `I' and the correct
spelling (e.g., `I\hbox'). Otherwise just continue,
and I'll forget about whatever was undefined.

./secs/a_appendix.tex:302: Missing number, treated as zero.
<to be read again> 
                   >
l.302 \end{table}
                 
A number should have been here; I inserted `0'.
(If you can't figure out why I needed to see a number,
look up `weird error' in the index to The TeXbook.)

./secs/a_appendix.tex:302: Undefined control sequence.
<argument> \@currbox 
                     
l.302 \end{table}
                 
The control sequence at the end of the top line
of your error message was never \def'ed. If you have
misspelled it (e.g., `\hobx'), type `I' and the correct
spelling (e.g., `I\hbox'). Otherwise just continue,
and I'll forget about whatever was undefined.


Underfull \hbox (badness 1028) in paragraph at lines 263--303
\T1/ntxrx/bx/n/10 W6). \T1/ntxrx/m/n/10 Ta-bles []--[] re-port $\OT1/cmr/m/n/10
 1000\OMS/ntxrx/m/n/10 ^^B$ \T1/ntxrx/m/n/10 boot-strap re-sam-ples
 []

./secs/a_appendix.tex:303: Missing number, treated as zero.
<to be read again> 
                   \@elt 
l.303 
      
A number should have been here; I inserted `0'.
(If you can't figure out why I needed to see a number,
look up `weird error' in the index to The TeXbook.)

./secs/a_appendix.tex:303: Missing = inserted for \ifnum.
<to be read again> 
                   \@elt 
l.303 
      
I was expecting to see `<', `=', or `>'. Didn't.

./secs/a_appendix.tex:303: Missing number, treated as zero.
<to be read again> 
                   \@elt 
l.303 
      
A number should have been here; I inserted `0'.
(If you can't figure out why I needed to see a number,
look up `weird error' in the index to The TeXbook.)


./secs/a_appendix.tex:303: LaTeX Error: This may be a LaTeX bug.

See the LaTeX manual or LaTeX Companion for explanation.
Type  H <return>  for immediate help.
 ...                                              
                                                  
l.303 
      
Call for help

./secs/a_appendix.tex:303: Undefined control sequence.
\@addmarginpar ...advance \@tempdima \ht \@marbox 
                                                  \ifdim \@tempdima >\z@ \@l...
l.303 
      
The control sequence at the end of the top line
of your error message was never \def'ed. If you have
misspelled it (e.g., `\hobx'), type `I' and the correct
spelling (e.g., `I\hbox'). Otherwise just continue,
and I'll forget about whatever was undefined.

./secs/a_appendix.tex:303: Bad register code (-13697024).
\@addmarginpar ...e \space moved}\else \@tempdima 
                                                  \z@ \fi \global \@mparbott...
l.303 
      
A register number must be between 0 and 32767.
I changed this one to zero.

./secs/a_appendix.tex:303: Missing number, treated as zero.
<to be read again> 
                   \global 
l.303 
      
A number should have been here; I inserted `0'.
(If you can't figure out why I needed to see a number,
look up `weird error' in the index to The TeXbook.)

./secs/a_appendix.tex:303: Illegal unit of measure (pt inserted).
<to be read again> 
                   \global 
l.303 
      
Dimensions can be in units of em, ex, in, pt, pc,
cm, mm, dd, cc, nd, nc, bp, or sp; but yours is a new one!
I'll assume that you meant to say pt, for printer's points.
To recover gracefully from this error, it's best to
delete the erroneous units; e.g., type `2' to delete
two letters. (See Chapter 27 of The TeXbook.)

./secs/a_appendix.tex:303: Undefined control sequence.
\@addmarginpar ...vance \@mparbottom \dp \@marbox 
                                                  \global \advance \@mparbot...
l.303 
      
The control sequence at the end of the top line
of your error message was never \def'ed. If you have
misspelled it (e.g., `\hobx'), type `I' and the correct
spelling (e.g., `I\hbox'). Otherwise just continue,
and I'll forget about whatever was undefined.

./secs/a_appendix.tex:303: Missing number, treated as zero.
<to be read again> 
                   \global 
l.303 
      
A number should have been here; I inserted `0'.
(If you can't figure out why I needed to see a number,
look up `weird error' in the index to The TeXbook.)

./secs/a_appendix.tex:303: Undefined control sequence.
\@addmarginpar ...dvance \@tempdima -\ht \@marbox 
                                                  \global \setbox \@marbox \...
l.303 
      
The control sequence at the end of the top line
of your error message was never \def'ed. If you have
misspelled it (e.g., `\hobx'), type `I' and the correct
spelling (e.g., `I\hbox'). Otherwise just continue,
and I'll forget about whatever was undefined.

./secs/a_appendix.tex:303: Missing number, treated as zero.
<to be read again> 
                   \global 
l.303 
      
A number should have been here; I inserted `0'.
(If you can't figure out why I needed to see a number,
look up `weird error' in the index to The TeXbook.)

./secs/a_appendix.tex:303: Undefined control sequence.
\@addmarginpar ...marbox \global \setbox \@marbox 
                                                  \vbox {\vskip \@tempdima \...
l.303 
      
The control sequence at the end of the top line
of your error message was never \def'ed. If you have
misspelled it (e.g., `\hobx'), type `I' and the correct
spelling (e.g., `I\hbox'). Otherwise just continue,
and I'll forget about whatever was undefined.

./secs/a_appendix.tex:303: Missing number, treated as zero.
<to be read again> 
                   \vbox 
l.303 
      
A number should have been here; I inserted `0'.
(If you can't figure out why I needed to see a number,
look up `weird error' in the index to The TeXbook.)

./secs/a_appendix.tex:303: Undefined control sequence.
\@addmarginpar ...\vskip \@tempdima \box \@marbox 
                                                  }\global \ht \@marbox \z@ ...
l.303 
      
The control sequence at the end of the top line
of your error message was never \def'ed. If you have
misspelled it (e.g., `\hobx'), type `I' and the correct
spelling (e.g., `I\hbox'). Otherwise just continue,
and I'll forget about whatever was undefined.

./secs/a_appendix.tex:303: Missing number, treated as zero.
<to be read again> 
                   }
l.303 
      
A number should have been here; I inserted `0'.
(If you can't figure out why I needed to see a number,
look up `weird error' in the index to The TeXbook.)

./secs/a_appendix.tex:303: Undefined control sequence.
\@addmarginpar ... \@marbox }\global \ht \@marbox 
                                                  \z@ \global \dp \@marbox \...
l.303 
      
The control sequence at the end of the top line
of your error message was never \def'ed. If you have
misspelled it (e.g., `\hobx'), type `I' and the correct
spelling (e.g., `I\hbox'). Otherwise just continue,
and I'll forget about whatever was undefined.

./secs/a_appendix.tex:303: Missing number, treated as zero.
<to be read again> 
                   \global 
l.303 
      
A number should have been here; I inserted `0'.
(If you can't figure out why I needed to see a number,
look up `weird error' in the index to The TeXbook.)

./secs/a_appendix.tex:303: Illegal unit of measure (pt inserted).
<to be read again> 
                   \global 
l.303 
      
Dimensions can be in units of em, ex, in, pt, pc,
cm, mm, dd, cc, nd, nc, bp, or sp; but yours is a new one!
I'll assume that you meant to say pt, for printer's points.
To recover gracefully from this error, it's best to
delete the erroneous units; e.g., type `2' to delete
two letters. (See Chapter 27 of The TeXbook.)

./secs/a_appendix.tex:303: Undefined control sequence.
\@addmarginpar ...marbox \z@ \global \dp \@marbox 
                                                  \z@ \kern -\@pagedp \noint...
l.303 
      
The control sequence at the end of the top line
of your error message was never \def'ed. If you have
misspelled it (e.g., `\hobx'), type `I' and the correct
spelling (e.g., `I\hbox'). Otherwise just continue,
and I'll forget about whatever was undefined.

./secs/a_appendix.tex:303: Missing number, treated as zero.
<to be read again> 
                   \kern 
l.303 
      
A number should have been here; I inserted `0'.
(If you can't figure out why I needed to see a number,
look up `weird error' in the index to The TeXbook.)

./secs/a_appendix.tex:303: Illegal unit of measure (pt inserted).
<to be read again> 
                   \kern 
l.303 
      
Dimensions can be in units of em, ex, in, pt, pc,
cm, mm, dd, cc, nd, nc, bp, or sp; but yours is a new one!
I'll assume that you meant to say pt, for printer's points.
To recover gracefully from this error, it's best to
delete the erroneous units; e.g., type `2' to delete
two letters. (See Chapter 27 of The TeXbook.)

./secs/a_appendix.tex:303: Undefined control sequence.
\@addmarginpar ...arginparwidth \fi \box \@marbox 
                                                  \hss }\nointerlineskip \hb...
l.303 
      
The control sequence at the end of the top line
of your error message was never \def'ed. If you have
misspelled it (e.g., `\hobx'), type `I' and the correct
spelling (e.g., `I\hbox'). Otherwise just continue,
and I'll forget about whatever was undefined.

./secs/a_appendix.tex:303: Missing number, treated as zero.
<to be read again> 
                   \hss 
l.303 
      
A number should have been here; I inserted `0'.
(If you can't figure out why I needed to see a number,
look up `weird error' in the index to The TeXbook.)


./secs/a_appendix.tex:303: LaTeX Error: This may be a LaTeX bug.

See the LaTeX manual or LaTeX Companion for explanation.
Type  H <return>  for immediate help.
 ...                                              
                                                  
l.303 
      
Call for help


LaTeX Warning: Reference `tab:fusion_ablation' on page 14 undefined on input li
ne 305.


./secs/a_appendix.tex:312: LaTeX Error: Too many unprocessed floats.

See the LaTeX manual or LaTeX Companion for explanation.
Type  H <return>  for immediate help.
 ...                                              
                                                  
l.312 \begin{table}[t]
                      
You've lost some text.  Try typing  <return>  to proceed.
If that doesn't work, type  X <return>  to quit.

./secs/a_appendix.tex:312: Undefined control sequence.
\@float@Hx ...ltovf \fi \global \setbox \@currbox 
                                                  \color@vbox \normalcolor \...
l.312 \begin{table}[t]
                      
The control sequence at the end of the top line
of your error message was never \def'ed. If you have
misspelled it (e.g., `\hobx'), type `I' and the correct
spelling (e.g., `I\hbox'). Otherwise just continue,
and I'll forget about whatever was undefined.

./secs/a_appendix.tex:312: Missing number, treated as zero.
<to be read again> 
                   \vbox 
l.312 \begin{table}[t]
                      
A number should have been here; I inserted `0'.
(If you can't figure out why I needed to see a number,
look up `weird error' in the index to The TeXbook.)


Overfull \hbox (102.98314pt too wide) in paragraph at lines 315--327
 [][] 
 []


Underfull \hbox (badness 1024) in paragraph at lines 327--327
[]\T1/ntxrx/m/n/10 Table 13: |\T1/ntxrx/bx/n/10 Inference-time fu-sion ab-la-ti
on (over-lap@1,
 []

./secs/a_appendix.tex:329: Undefined control sequence.
\@largefloatcheck ->\ifdim \ht \@currbox 
                                         >\textheight \@tempdima -\textheigh...
l.329 \end{table}
                 
The control sequence at the end of the top line
of your error message was never \def'ed. If you have
misspelled it (e.g., `\hobx'), type `I' and the correct
spelling (e.g., `I\hbox'). Otherwise just continue,
and I'll forget about whatever was undefined.

./secs/a_appendix.tex:329: Missing number, treated as zero.
<to be read again> 
                   >
l.329 \end{table}
                 
A number should have been here; I inserted `0'.
(If you can't figure out why I needed to see a number,
look up `weird error' in the index to The TeXbook.)

./secs/a_appendix.tex:329: Undefined control sequence.
<argument> \@currbox 
                     
l.329 \end{table}
                 
The control sequence at the end of the top line
of your error message was never \def'ed. If you have
misspelled it (e.g., `\hobx'), type `I' and the correct
spelling (e.g., `I\hbox'). Otherwise just continue,
and I'll forget about whatever was undefined.

./secs/a_appendix.tex:330: Argument of \@xnext has an extra }.
<inserted text> 
                \par 
l.330 
      
I've run across a `}' that doesn't seem to match anything.
For example, `\def\a#1{...}' and `\a}' would produce
this error. If you simply proceed now, the `\par' that
I've just inserted will cause me to report a runaway
argument that might be the root of the problem. But if
your `}' was spurious, just type `2' and it will go away.

Runaway argument?
\@currbox \@currlist \ifnum \count \@currbox >\z@ \advance \@pageht \@pagedp \E
TC.
./secs/a_appendix.tex:330: Paragraph ended before \@xnext was complete.
<to be read again> 
                   \par 
l.330 
      
I suspect you've forgotten a `}', causing me to apply this
control sequence to too much text. How can we recover?
My plan is to forget the whole thing and hope for the best.


LaTeX Warning: Reference `fig:targetsize_gap' on page 14 undefined on input lin
e 332.


LaTeX Warning: Reference `tab:targetsize_gap' on page 14 undefined on input lin
e 332.


./secs/a_appendix.tex:338: LaTeX Error: Too many unprocessed floats.

See the LaTeX manual or LaTeX Companion for explanation.
Type  H <return>  for immediate help.
 ...                                              
                                                  
l.338 \begin{table}[t]
                      
You've lost some text.  Try typing  <return>  to proceed.
If that doesn't work, type  X <return>  to quit.

./secs/a_appendix.tex:338: Undefined control sequence.
\@float@Hx ...ltovf \fi \global \setbox \@currbox 
                                                  \color@vbox \normalcolor \...
l.338 \begin{table}[t]
                      
The control sequence at the end of the top line
of your error message was never \def'ed. If you have
misspelled it (e.g., `\hobx'), type `I' and the correct
spelling (e.g., `I\hbox'). Otherwise just continue,
and I'll forget about whatever was undefined.

./secs/a_appendix.tex:338: Missing number, treated as zero.
<to be read again> 
                   \vbox 
l.338 \begin{table}[t]
                      
A number should have been here; I inserted `0'.
(If you can't figure out why I needed to see a number,
look up `weird error' in the index to The TeXbook.)


Overfull \hbox (64.40051pt too wide) in paragraph at lines 340--350
 [][] 
 []

./secs/a_appendix.tex:352: Undefined control sequence.
\@largefloatcheck ->\ifdim \ht \@currbox 
                                         >\textheight \@tempdima -\textheigh...
l.352 \end{table}
                 
The control sequence at the end of the top line
of your error message was never \def'ed. If you have
misspelled it (e.g., `\hobx'), type `I' and the correct
spelling (e.g., `I\hbox'). Otherwise just continue,
and I'll forget about whatever was undefined.

./secs/a_appendix.tex:352: Missing number, treated as zero.
<to be read again> 
                   >
l.352 \end{table}
                 
A number should have been here; I inserted `0'.
(If you can't figure out why I needed to see a number,
look up `weird error' in the index to The TeXbook.)

./secs/a_appendix.tex:352: Undefined control sequence.
<argument> \@currbox 
                     
l.352 \end{table}
                 
The control sequence at the end of the top line
of your error message was never \def'ed. If you have
misspelled it (e.g., `\hobx'), type `I' and the correct
spelling (e.g., `I\hbox'). Otherwise just continue,
and I'll forget about whatever was undefined.


./secs/a_appendix.tex:353: LaTeX Error: Too many unprocessed floats.

See the LaTeX manual or LaTeX Companion for explanation.
Type  H <return>  for immediate help.
 ...                                              
                                                  
l.353 \begin{figure}[t]
                       
You've lost some text.  Try typing  <return>  to proceed.
If that doesn't work, type  X <return>  to quit.

./secs/a_appendix.tex:353: Undefined control sequence.
\@float@Hx ...ltovf \fi \global \setbox \@currbox 
                                                  \color@vbox \normalcolor \...
l.353 \begin{figure}[t]
                       
The control sequence at the end of the top line
of your error message was never \def'ed. If you have
misspelled it (e.g., `\hobx'), type `I' and the correct
spelling (e.g., `I\hbox'). Otherwise just continue,
and I'll forget about whatever was undefined.

./secs/a_appendix.tex:353: Missing number, treated as zero.
<to be read again> 
                   \vbox 
l.353 \begin{figure}[t]
                       
A number should have been here; I inserted `0'.
(If you can't figure out why I needed to see a number,
look up `weird error' in the index to The TeXbook.)

<figs/fig_targetsize_gap.pdf, id=396, 390.13976pt x 240.90176pt>
File: figs/fig_targetsize_gap.pdf Graphic file (type pdf)

<use figs/fig_targetsize_gap.pdf>
Package pdftex.def Info: figs/fig_targetsize_gap.pdf used on input line 355.
(pdftex.def)             Requested size: 220.24239pt x 135.99579pt.

./secs/a_appendix.tex:358: Undefined control sequence.
\@largefloatcheck ->\ifdim \ht \@currbox 
                                         >\textheight \@tempdima -\textheigh...
l.358 \end{figure}
                  
The control sequence at the end of the top line
of your error message was never \def'ed. If you have
misspelled it (e.g., `\hobx'), type `I' and the correct
spelling (e.g., `I\hbox'). Otherwise just continue,
and I'll forget about whatever was undefined.

./secs/a_appendix.tex:358: Missing number, treated as zero.
<to be read again> 
                   >
l.358 \end{figure}
                  
A number should have been here; I inserted `0'.
(If you can't figure out why I needed to see a number,
look up `weird error' in the index to The TeXbook.)

./secs/a_appendix.tex:358: Undefined control sequence.
<argument> \@currbox 
                     
l.358 \end{figure}
                  
The control sequence at the end of the top line
of your error message was never \def'ed. If you have
misspelled it (e.g., `\hobx'), type `I' and the correct
spelling (e.g., `I\hbox'). Otherwise just continue,
and I'll forget about whatever was undefined.


Underfull \hbox (badness 7133) in paragraph at lines 332--359
 \T1/ntxrx/bx/n/10 Con-trolled within-benchmark target-size re-gres-sion
 []

./secs/a_appendix.tex:359: Missing number, treated as zero.
<to be read again> 
                   \@elt 
l.359 
      
A number should have been here; I inserted `0'.
(If you can't figure out why I needed to see a number,
look up `weird error' in the index to The TeXbook.)

./secs/a_appendix.tex:359: Missing = inserted for \ifnum.
<to be read again> 
                   \@elt 
l.359 
      
I was expecting to see `<', `=', or `>'. Didn't.

./secs/a_appendix.tex:359: Missing number, treated as zero.
<to be read again> 
                   \@elt 
l.359 
      
A number should have been here; I inserted `0'.
(If you can't figure out why I needed to see a number,
look up `weird error' in the index to The TeXbook.)

./secs/a_appendix.tex:359: Argument of \@xnext has an extra }.
<inserted text> 
                \par 
l.359 
      
I've run across a `}' that doesn't seem to match anything.
For example, `\def\a#1{...}' and `\a}' would produce
this error. If you simply proceed now, the `\par' that
I've just inserted will cause me to report a runaway
argument that might be the root of the problem. But if
your `}' was spurious, just type `2' and it will go away.

Runaway argument?
\@marbox \@currlist \@cons \@freelist \@marbox \@cons \@freelist \@currbox \ETC
.
./secs/a_appendix.tex:359: Paragraph ended before \@xnext was complete.
<to be read again> 
                   \par 
l.359 
      
I suspect you've forgotten a `}', causing me to apply this
control sequence to too much text. How can we recover?
My plan is to forget the whole thing and hope for the best.

./secs/a_appendix.tex:359: Argument of \@xnext has an extra }.
<inserted text> 
                \par 
l.359 
      
I've run across a `}' that doesn't seem to match anything.
For example, `\def\a#1{...}' and `\a}' would produce
this error. If you simply proceed now, the `\par' that
I've just inserted will cause me to report a runaway
argument that might be the root of the problem. But if
your `}' was spurious, just type `2' and it will go away.

Runaway argument?
\@currbox \@currlist \ifnum \count \@currbox >\z@ \advance \@pageht \@pagedp \E
TC.
./secs/a_appendix.tex:359: Paragraph ended before \@xnext was complete.
<to be read again> 
                   \par 
l.359 
      
I suspect you've forgotten a `}', causing me to apply this
control sequence to too much text. How can we recover?
My plan is to forget the whole thing and hope for the best.


LaTeX Warning: Reference `fig:norm_census' on page 14 undefined on input line 3
61.


LaTeX Warning: Reference `sec:method:stage1' on page 14 undefined on input line
 365.


./secs/a_appendix.tex:369: LaTeX Error: Too many unprocessed floats.

See the LaTeX manual or LaTeX Companion for explanation.
Type  H <return>  for immediate help.
 ...                                              
                                                  
l.369 \begin{figure}[t]
                       
You've lost some text.  Try typing  <return>  to proceed.
If that doesn't work, type  X <return>  to quit.

./secs/a_appendix.tex:369: Undefined control sequence.
\@float@Hx ...ltovf \fi \global \setbox \@currbox 
                                                  \color@vbox \normalcolor \...
l.369 \begin{figure}[t]
                       
The control sequence at the end of the top line
of your error message was never \def'ed. If you have
misspelled it (e.g., `\hobx'), type `I' and the correct
spelling (e.g., `I\hbox'). Otherwise just continue,
and I'll forget about whatever was undefined.

./secs/a_appendix.tex:369: Missing number, treated as zero.
<to be read again> 
                   \vbox 
l.369 \begin{figure}[t]
                       
A number should have been here; I inserted `0'.
(If you can't figure out why I needed to see a number,
look up `weird error' in the index to The TeXbook.)

<figs/fig_norm_census_guiowl7b.pdf, id=397, 931.07535pt x 242.60913pt>
File: figs/fig_norm_census_guiowl7b.pdf Graphic file (type pdf)

<use figs/fig_norm_census_guiowl7b.pdf>
Package pdftex.def Info: figs/fig_norm_census_guiowl7b.pdf used on input line 3
71.
(pdftex.def)             Requested size: 227.42392pt x 59.26021pt.

./secs/a_appendix.tex:374: Undefined control sequence.
\@largefloatcheck ->\ifdim \ht \@currbox 
                                         >\textheight \@tempdima -\textheigh...
l.374 \end{figure}
                  
The control sequence at the end of the top line
of your error message was never \def'ed. If you have
misspelled it (e.g., `\hobx'), type `I' and the correct
spelling (e.g., `I\hbox'). Otherwise just continue,
and I'll forget about whatever was undefined.

./secs/a_appendix.tex:374: Missing number, treated as zero.
<to be read again> 
                   >
l.374 \end{figure}
                  
A number should have been here; I inserted `0'.
(If you can't figure out why I needed to see a number,
look up `weird error' in the index to The TeXbook.)

./secs/a_appendix.tex:374: Undefined control sequence.
<argument> \@currbox 
                     
l.374 \end{figure}
                  
The control sequence at the end of the top line
of your error message was never \def'ed. If you have
misspelled it (e.g., `\hobx'), type `I' and the correct
spelling (e.g., `I\hbox'). Otherwise just continue,
and I'll forget about whatever was undefined.

)
./AnonymousSubmission2027.tex:214: Missing number, treated as zero.
<to be read again> 
                   \@elt 
l.214 
      
A number should have been here; I inserted `0'.
(If you can't figure out why I needed to see a number,
look up `weird error' in the index to The TeXbook.)

./AnonymousSubmission2027.tex:214: Missing = inserted for \ifnum.
<to be read again> 
                   \@elt 
l.214 
      
I was expecting to see `<', `=', or `>'. Didn't.

./AnonymousSubmission2027.tex:214: Missing number, treated as zero.
<to be read again> 
                   \@elt 
l.214 
      
A number should have been here; I inserted `0'.
(If you can't figure out why I needed to see a number,
look up `weird error' in the index to The TeXbook.)


./AnonymousSubmission2027.tex:214: LaTeX Error: This may be a LaTeX bug.

See the LaTeX manual or LaTeX Companion for explanation.
Type  H <return>  for immediate help.
 ...                                              
                                                  
l.214 
      
Call for help

./AnonymousSubmission2027.tex:214: Undefined control sequence.
\@addmarginpar ...advance \@tempdima \ht \@marbox 
                                                  \ifdim \@tempdima >\z@ \@l...
l.214 
      
The control sequence at the end of the top line
of your error message was never \def'ed. If you have
misspelled it (e.g., `\hobx'), type `I' and the correct
spelling (e.g., `I\hbox'). Otherwise just continue,
and I'll forget about whatever was undefined.

./AnonymousSubmission2027.tex:214: Bad register code (-27909235).
\@addmarginpar ...e \space moved}\else \@tempdima 
                                                  \z@ \fi \global \@mparbott...
l.214 
      
A register number must be between 0 and 32767.
I changed this one to zero.

./AnonymousSubmission2027.tex:214: Missing number, treated as zero.
<to be read again> 
                   \global 
l.214 
      
A number should have been here; I inserted `0'.
(If you can't figure out why I needed to see a number,
look up `weird error' in the index to The TeXbook.)

./AnonymousSubmission2027.tex:214: Illegal unit of measure (pt inserted).
<to be read again> 
                   \global 
l.214 
      
Dimensions can be in units of em, ex, in, pt, pc,
cm, mm, dd, cc, nd, nc, bp, or sp; but yours is a new one!
I'll assume that you meant to say pt, for printer's points.
To recover gracefully from this error, it's best to
delete the erroneous units; e.g., type `2' to delete
two letters. (See Chapter 27 of The TeXbook.)

./AnonymousSubmission2027.tex:214: Undefined control sequence.
\@addmarginpar ...vance \@mparbottom \dp \@marbox 
                                                  \global \advance \@mparbot...
l.214 
      
The control sequence at the end of the top line
of your error message was never \def'ed. If you have
misspelled it (e.g., `\hobx'), type `I' and the correct
spelling (e.g., `I\hbox'). Otherwise just continue,
and I'll forget about whatever was undefined.

./AnonymousSubmission2027.tex:214: Missing number, treated as zero.
<to be read again> 
                   \global 
l.214 
      
A number should have been here; I inserted `0'.
(If you can't figure out why I needed to see a number,
look up `weird error' in the index to The TeXbook.)

./AnonymousSubmission2027.tex:214: Undefined control sequence.
\@addmarginpar ...dvance \@tempdima -\ht \@marbox 
                                                  \global \setbox \@marbox \...
l.214 
      
The control sequence at the end of the top line
of your error message was never \def'ed. If you have
misspelled it (e.g., `\hobx'), type `I' and the correct
spelling (e.g., `I\hbox'). Otherwise just continue,
and I'll forget about whatever was undefined.

./AnonymousSubmission2027.tex:214: Missing number, treated as zero.
<to be read again> 
                   \global 
l.214 
      
A number should have been here; I inserted `0'.
(If you can't figure out why I needed to see a number,
look up `weird error' in the index to The TeXbook.)

./AnonymousSubmission2027.tex:214: Undefined control sequence.
\@addmarginpar ...marbox \global \setbox \@marbox 
                                                  \vbox {\vskip \@tempdima \...
l.214 
      
The control sequence at the end of the top line
of your error message was never \def'ed. If you have
misspelled it (e.g., `\hobx'), type `I' and the correct
spelling (e.g., `I\hbox'). Otherwise just continue,
and I'll forget about whatever was undefined.

./AnonymousSubmission2027.tex:214: Missing number, treated as zero.
<to be read again> 
                   \vbox 
l.214 
      
A number should have been here; I inserted `0'.
(If you can't figure out why I needed to see a number,
look up `weird error' in the index to The TeXbook.)

./AnonymousSubmission2027.tex:214: Undefined control sequence.
\@addmarginpar ...\vskip \@tempdima \box \@marbox 
                                                  }\global \ht \@marbox \z@ ...
l.214 
      
The control sequence at the end of the top line
of your error message was never \def'ed. If you have
misspelled it (e.g., `\hobx'), type `I' and the correct
spelling (e.g., `I\hbox'). Otherwise just continue,
and I'll forget about whatever was undefined.

./AnonymousSubmission2027.tex:214: Missing number, treated as zero.
<to be read again> 
                   }
l.214 
      
A number should have been here; I inserted `0'.
(If you can't figure out why I needed to see a number,
look up `weird error' in the index to The TeXbook.)

./AnonymousSubmission2027.tex:214: Undefined control sequence.
\@addmarginpar ... \@marbox }\global \ht \@marbox 
                                                  \z@ \global \dp \@marbox \...
l.214 
      
The control sequence at the end of the top line
of your error message was never \def'ed. If you have
misspelled it (e.g., `\hobx'), type `I' and the correct
spelling (e.g., `I\hbox'). Otherwise just continue,
and I'll forget about whatever was undefined.

./AnonymousSubmission2027.tex:214: Missing number, treated as zero.
<to be read again> 
                   \global 
l.214 
      
A number should have been here; I inserted `0'.
(If you can't figure out why I needed to see a number,
look up `weird error' in the index to The TeXbook.)

./AnonymousSubmission2027.tex:214: Illegal unit of measure (pt inserted).
<to be read again> 
                   \global 
l.214 
      
Dimensions can be in units of em, ex, in, pt, pc,
cm, mm, dd, cc, nd, nc, bp, or sp; but yours is a new one!
I'll assume that you meant to say pt, for printer's points.
To recover gracefully from this error, it's best to
delete the erroneous units; e.g., type `2' to delete
two letters. (See Chapter 27 of The TeXbook.)

./AnonymousSubmission2027.tex:214: Undefined control sequence.
\@addmarginpar ...marbox \z@ \global \dp \@marbox 
                                                  \z@ \kern -\@pagedp \noint...
l.214 
      
The control sequence at the end of the top line
of your error message was never \def'ed. If you have
misspelled it (e.g., `\hobx'), type `I' and the correct
spelling (e.g., `I\hbox'). Otherwise just continue,
and I'll forget about whatever was undefined.

./AnonymousSubmission2027.tex:214: Missing number, treated as zero.
<to be read again> 
                   \kern 
l.214 
      
A number should have been here; I inserted `0'.
(If you can't figure out why I needed to see a number,
look up `weird error' in the index to The TeXbook.)

./AnonymousSubmission2027.tex:214: Illegal unit of measure (pt inserted).
<to be read again> 
                   \kern 
l.214 
      
Dimensions can be in units of em, ex, in, pt, pc,
cm, mm, dd, cc, nd, nc, bp, or sp; but yours is a new one!
I'll assume that you meant to say pt, for printer's points.
To recover gracefully from this error, it's best to
delete the erroneous units; e.g., type `2' to delete
two letters. (See Chapter 27 of The TeXbook.)

./AnonymousSubmission2027.tex:214: Undefined control sequence.
\@addmarginpar ...arginparwidth \fi \box \@marbox 
                                                  \hss }\nointerlineskip \hb...
l.214 
      
The control sequence at the end of the top line
of your error message was never \def'ed. If you have
misspelled it (e.g., `\hobx'), type `I' and the correct
spelling (e.g., `I\hbox'). Otherwise just continue,
and I'll forget about whatever was undefined.

./AnonymousSubmission2027.tex:214: Missing number, treated as zero.
<to be read again> 
                   \hss 
l.214 
      
A number should have been here; I inserted `0'.
(If you can't figure out why I needed to see a number,
look up `weird error' in the index to The TeXbook.)

[14] [15 <./figs/a7_layerwise_plots/a7_layerwise_combined.pdf>] [16 <./figs/a7_
layerwise_plots/a7_layerwise_ss_pro.pdf>] [17 <./figs/a7_layerwise_plots/a7_lay
erwise_ss_v2.pdf>] [18 <./figs/a7_layerwise_plots/a7_layerwise_osworld_g.pdf>]
[19 <./figs/a7_layerwise_plots/a7_layerwise_mmbench.pdf>] [20 <./figs/a7_layerw
ise_plots/a7_layerwise_ui_vision.pdf>]

Package natbib Warning: There were undefined citations.

[21

 <./figs/fig_norm_census_guiowl7b.pdf>] [22] [23] [24] [25] [26] [27]
[28 <./figs/append/uitars/idx00021.png (PNG copy)> <./figs/append/uitars/idx004
40.png (PNG copy)>] [29 <./figs/append/uitars/idx00114.png (PNG copy)> <./figs/
append/uitars/idx00329.png (PNG copy)>] [30 <./figs/append/uivenus/idx00015.png
 (PNG copy)> <./figs/append/uivenus/idx02155.png (PNG copy)>] [31 <./figs/appen
d/uivenus/idx00405.png (PNG copy)> <./figs/append/uivenus/idx00493.png (PNG cop
y)>] (./AnonymousSubmission2027.aux

Package natbib Warning: Citation(s) may have changed.
(natbib)                Rerun to get citations correct.

)

LaTeX Font Warning: Some font shapes were not available, defaults substituted.


LaTeX Warning: There were undefined references.


LaTeX Warning: Label(s) may have changed. Rerun to get cross-references right.

 )
(\end occurred when \ifx on line 359 was incomplete)
(\end occurred when \ifnum on line 359 was incomplete)
(\end occurred when \ifnum on line 359 was incomplete)
(\end occurred when \ifnum on line 359 was incomplete)
(\end occurred when \ifx on line 359 was incomplete)
(\end occurred when \ifnum on line 359 was incomplete)
(\end occurred when \ifx on line 359 was incomplete)
(\end occurred when \ifnum on line 359 was incomplete)
(\end occurred when \ifnum on line 359 was incomplete)
(\end occurred when \ifnum on line 359 was incomplete)
(\end occurred when \ifx on line 330 was incomplete)
(\end occurred when \ifnum on line 330 was incomplete)
(\end occurred when \ifnum on line 330 was incomplete)
(\end occurred when \ifnum on line 330 was incomplete) 
Here is how much of TeX's memory you used:
 15677 strings out of 495063
 281502 string characters out of 3182201
 931893 words of memory out of 3000000
 18410 multiletter control sequences out of 15000+200000
 65918 words of font info for 90 fonts, out of 3000000 for 9000
 14 hyphenation exceptions out of 8191
 55i,13n,92p,2008b,1238s stack positions out of 5000i,500n,10000p,200000b,50000s
{/usr/share/texlive/texmf
-dist/fonts/enc/dvips/base/8r.enc}</usr/share/texlive/texmf-dist/fonts/type1/pu
blic/amsfonts/cm/cmbx10.pfb></usr/share/texlive/texmf-dist/fonts/type1/public/a
msfonts/cm/cmbx9.pfb></usr/share/texlive/texmf-dist/fonts/type1/public/amsfonts
/cm/cmex10.pfb></usr/share/texlive/texmf-dist/fonts/type1/public/amsfonts/cmext
ra/cmex7.pfb></usr/share/texlive/texmf-dist/fonts/type1/public/amsfonts/cm/cmmi
10.pfb></usr/share/texlive/texmf-dist/fonts/type1/public/amsfonts/cm/cmmi5.pfb>
</usr/share/texlive/texmf-dist/fonts/type1/public/amsfonts/cm/cmmi7.pfb></usr/s
hare/texlive/texmf-dist/fonts/type1/public/amsfonts/cm/cmmi9.pfb></usr/share/te
xlive/texmf-dist/fonts/type1/public/amsfonts/cm/cmmib10.pfb></usr/share/texlive
/texmf-dist/fonts/type1/public/amsfonts/cm/cmr10.pfb></usr/share/texlive/texmf-
dist/fonts/type1/public/amsfonts/cm/cmr5.pfb></usr/share/texlive/texmf-dist/fon
ts/type1/public/amsfonts/cm/cmr6.pfb></usr/share/texlive/texmf-dist/fonts/type1
/public/amsfonts/cm/cmr7.pfb></usr/share/texlive/texmf-dist/fonts/type1/public/
amsfonts/cm/cmr9.pfb></usr/share/texlive/texmf-dist/fonts/type1/public/amsfonts
/cm/cmsy10.pfb></usr/share/texlive/texmf-dist/fonts/type1/public/amsfonts/cm/cm
sy5.pfb></usr/share/texlive/texmf-dist/fonts/type1/public/amsfonts/cm/cmsy7.pfb
></usr/share/texlive/texmf-dist/fonts/type1/public/amsfonts/cm/cmsy9.pfb></usr/
share/texlive/texmf-dist/fonts/type1/public/amsfonts/symbols/msbm10.pfb></usr/s
hare/texlive/texmf-dist/fonts/type1/public/txfonts/rtxb.pfb></usr/share/texlive
/texmf-dist/fonts/type1/public/txfonts/rtxbsc.pfb></usr/share/texlive/texmf-dis
t/fonts/type1/public/txfonts/rtxi.pfb></usr/share/texlive/texmf-dist/fonts/type
1/public/txfonts/rtxr.pfb></usr/share/texlive/texmf-dist/fonts/type1/public/txf
onts/rtxsc.pfb></usr/share/texlive/texmf-dist/fonts/type1/urw/courier/ucrr8a.pf
b></usr/share/texlive/texmf-dist/fonts/type1/urw/times/utmb8a.pfb></usr/share/t
exlive/texmf-dist/fonts/type1/urw/times/utmr8a.pfb></usr/share/texlive/texmf-di
st/fonts/type1/urw/times/utmri8a.pfb>
Output written on AnonymousSubmission2027.pdf (31 pages, 4663715 bytes).
PDF statistics:
 1249 PDF objects out of 1440 (max. 8388607)
 256 compressed objects within 3 object streams
 0 named destinations out of 1000 (max. 500000)
 123 words of extra memory for PDF output out of 10000 (max. 10000000)

