This is pdfTeX, Version 3.1415926-2.5-1.40.14 (TeX Live 2013) (format=pdflatex 2026.7.24)  1 AUG 2026 19:54
entering extended mode
 restricted \write18 enabled.
 %&-line parsing enabled.
**supplementary.tex
(./supplementary.tex
LaTeX2e <2011/06/27>
Babel <v3.8m> and hyphenation patterns for english, dumylang, nohyphenation, lo
aded.
(/usr/share/texlive/texmf-dist/tex/latex/base/article.cls
Document Class: article 2007/10/19 v1.4h Standard LaTeX document class
(/usr/share/texlive/texmf-dist/tex/latex/base/size10.clo
File: size10.clo 2007/10/19 v1.4h Standard LaTeX file (size option)
)
\c@part=\count79
\c@section=\count80
\c@subsection=\count81
\c@subsubsection=\count82
\c@paragraph=\count83
\c@subparagraph=\count84
\c@figure=\count85
\c@table=\count86
\abovecaptionskip=\skip41
\belowcaptionskip=\skip42
\bibindent=\dimen102
) (./aaai2027.sty
Package: aaai2027 2027/05/04 AAAI 2027 Submission format

Conference Style for AAAI for LaTeX 2e
(/usr/share/texlive/texmf-dist/tex/generic/iftex/iftex.sty
Package: iftex 2013/04/04 v0.2 Provides if(tex) conditional for PDFTeX, XeTeX, 
and LuaTeX
)
(/usr/share/texlive/texmf-dist/tex/latex/base/fontenc.sty
Package: fontenc 2005/09/27 v1.99g Standard LaTeX package

(/usr/share/texlive/texmf-dist/tex/latex/base/t1enc.def
File: t1enc.def 2005/09/27 v1.99g Standard LaTeX file
LaTeX Font Info:    Redeclaring font encoding T1 on input line 43.
))
(/usr/share/texlive/texmf-dist/tex/latex/newtx/newtxtext.sty
Package: newtxtext 2013/03/28 v1.09

`newtxtext' v1.09, 2013/03/28 Text macros based on txfonts (msharpe)
(/usr/share/texlive/texmf-dist/tex/latex/fontaxes/fontaxes.sty
Package: fontaxes 2011/12/16 v1.0c Font selection axes
LaTeX Info: Redefining \upshape on input line 29.
LaTeX Info: Redefining \itshape on input line 31.
LaTeX Info: Redefining \slshape on input line 33.
LaTeX Info: Redefining \scshape on input line 37.
)
(/usr/share/texlive/texmf-dist/tex/latex/xkeyval/xkeyval.sty
Package: xkeyval 2012/10/14 v2.6b package option processing (HA)

(/usr/share/texlive/texmf-dist/tex/generic/xkeyval/xkeyval.tex
\XKV@toks=\toks14
\XKV@tempa@toks=\toks15
\XKV@depth=\count87
File: xkeyval.tex 2012/10/14 v2.6b key=value parser (HA)

(/usr/share/texlive/texmf-dist/tex/generic/xkeyval/keyval.tex)))
(/usr/share/texlive/texmf-dist/tex/latex/base/fontenc.sty
Package: fontenc 2005/09/27 v1.99g Standard LaTeX package

(/usr/share/texlive/texmf-dist/tex/latex/base/t1enc.def
File: t1enc.def 2005/09/27 v1.99g Standard LaTeX file
LaTeX Font Info:    Redeclaring font encoding T1 on input line 43.
)))
(/usr/share/texlive/texmf-dist/tex/latex/psnfss/helvet.sty
Package: helvet 2005/04/12 PSNFSS-v9.2a (WaS) 
)
(/usr/share/texlive/texmf-dist/tex/latex/psnfss/courier.sty
Package: courier 2005/04/12 PSNFSS-v9.2a (WaS) 
)
(/usr/share/texlive/texmf-dist/tex/latex/placeins/placeins.sty
Package: placeins 2005/04/18  v 2.2
)
\titlebox=\skip43
\aaai@thanksins=\insert233
\aaai@copyrightins=\insert232

(/usr/share/texlive/texmf-dist/tex/latex/xcolor/xcolor.sty
Package: xcolor 2007/01/21 v2.11 LaTeX color extensions (UK)

(/usr/share/texlive/texmf-dist/tex/latex/latexconfig/color.cfg
File: color.cfg 2007/01/18 v1.5 color configuration of teTeX/TeXLive
)
Package xcolor Info: Driver file: pdftex.def on input line 225.

(/usr/share/texlive/texmf-dist/tex/latex/pdftex-def/pdftex.def
File: pdftex.def 2011/05/27 v0.06d Graphics/color for pdfTeX

(/usr/share/texlive/texmf-dist/tex/generic/oberdiek/infwarerr.sty
Package: infwarerr 2010/04/08 v1.3 Providing info/warning/error messages (HO)
)
(/usr/share/texlive/texmf-dist/tex/generic/oberdiek/ltxcmds.sty
Package: ltxcmds 2011/11/09 v1.22 LaTeX kernel commands for general use (HO)
)
\Gread@gobject=\count88
)
Package xcolor Info: Model `cmy' substituted by `cmy0' on input line 1337.
Package xcolor Info: Model `hsb' substituted by `rgb' on input line 1341.
Package xcolor Info: Model `RGB' extended on input line 1353.
Package xcolor Info: Model `HTML' substituted by `rgb' on input line 1355.
Package xcolor Info: Model `Hsb' substituted by `hsb' on input line 1356.
Package xcolor Info: Model `tHsb' substituted by `hsb' on input line 1357.
Package xcolor Info: Model `HSB' substituted by `hsb' on input line 1358.
Package xcolor Info: Model `Gray' substituted by `gray' on input line 1359.
Package xcolor Info: Model `wave' substituted by `hsb' on input line 1360.
))
(/usr/share/texlive/texmf-dist/tex/latex/url/url.sty
\Urlmuskip=\muskip10
Package: url 2006/04/12  ver 3.3  Verb mode for urls, etc.
)
(/usr/share/texlive/texmf-dist/tex/latex/graphics/graphicx.sty
Package: graphicx 1999/02/16 v1.0f Enhanced LaTeX Graphics (DPC,SPQR)

(/usr/share/texlive/texmf-dist/tex/latex/graphics/graphics.sty
Package: graphics 2009/02/05 v1.0o Standard LaTeX Graphics (DPC,SPQR)

(/usr/share/texlive/texmf-dist/tex/latex/graphics/trig.sty
Package: trig 1999/03/16 v1.09 sin cos tan (DPC)
)
(/usr/share/texlive/texmf-dist/tex/latex/latexconfig/graphics.cfg
File: graphics.cfg 2010/04/23 v1.9 graphics configuration of TeX Live
)
Package graphics Info: Driver file: pdftex.def on input line 91.
)
\Gin@req@height=\dimen103
\Gin@req@width=\dimen104
)
(/usr/share/texlive/texmf-dist/tex/latex/natbib/natbib.sty
Package: natbib 2010/09/13 8.31b (PWD, AO)
\bibhang=\skip44
\bibsep=\skip45
LaTeX Info: Redefining \cite on input line 694.
\c@NAT@ctr=\count89
)
(/usr/share/texlive/texmf-dist/tex/latex/caption/caption.sty
Package: caption 2013/02/03 v3.3-65 Customizing captions (AR)

(/usr/share/texlive/texmf-dist/tex/latex/caption/caption3.sty
Package: caption3 2013/02/03 v1.5-62 caption3 kernel (AR)
\captionmargin=\dimen105
\captionmargin@=\dimen106
\captionwidth=\dimen107
\caption@tempdima=\dimen108
\caption@indent=\dimen109
\caption@parindent=\dimen110
\caption@hangindent=\dimen111
)
\c@ContinuedFloat=\count90
)
(/usr/share/texlive/texmf-dist/tex/latex/algorithms/algorithm.sty
Package: algorithm 2009/08/24 v0.1 Document Style `algorithm' - floating enviro
nment

(/usr/share/texlive/texmf-dist/tex/latex/float/float.sty
Package: float 2001/11/08 v1.3d Float enhancements (AL)
\c@float@type=\count91
\float@exts=\toks16
\float@box=\box26
\@float@everytoks=\toks17
\@floatcapt=\box27
)
(/usr/share/texlive/texmf-dist/tex/latex/base/ifthen.sty
Package: ifthen 2001/05/26 v1.1c Standard LaTeX ifthen package (DPC)
)
\@float@every@algorithm=\toks18
\c@algorithm=\count92
)
(/usr/share/texlive/texmf-dist/tex/latex/algorithms/algorithmic.sty
Package: algorithmic 2009/08/24 v0.1 Document Style `algorithmic'
\c@ALC@unique=\count93
\c@ALC@line=\count94
\c@ALC@rem=\count95
\c@ALC@depth=\count96
\ALC@tlm=\skip46
\algorithmicindent=\skip47
)
(/usr/share/texlive/texmf-dist/tex/latex/amsmath/amsmath.sty
Package: amsmath 2013/01/14 v2.14 AMS math features
\@mathmargin=\skip48

For additional information on amsmath, use the `?' option.
(/usr/share/texlive/texmf-dist/tex/latex/amsmath/amstext.sty
Package: amstext 2000/06/29 v2.01

(/usr/share/texlive/texmf-dist/tex/latex/amsmath/amsgen.sty
File: amsgen.sty 1999/11/30 v2.0
\@emptytoks=\toks19
\ex@=\dimen112
))
(/usr/share/texlive/texmf-dist/tex/latex/amsmath/amsbsy.sty
Package: amsbsy 1999/11/29 v1.2d
\pmbraise@=\dimen113
)
(/usr/share/texlive/texmf-dist/tex/latex/amsmath/amsopn.sty
Package: amsopn 1999/12/14 v2.01 operator names
)
\inf@bad=\count97
LaTeX Info: Redefining \frac on input line 210.
\uproot@=\count98
\leftroot@=\count99
LaTeX Info: Redefining \overline on input line 306.
\classnum@=\count100
\DOTSCASE@=\count101
LaTeX Info: Redefining \ldots on input line 378.
LaTeX Info: Redefining \dots on input line 381.
LaTeX Info: Redefining \cdots on input line 466.
\Mathstrutbox@=\box28
\strutbox@=\box29
\big@size=\dimen114
LaTeX Font Info:    Redeclaring font encoding OML on input line 566.
LaTeX Font Info:    Redeclaring font encoding OMS on input line 567.
\macc@depth=\count102
\c@MaxMatrixCols=\count103
\dotsspace@=\muskip11
\c@parentequation=\count104
\dspbrk@lvl=\count105
\tag@help=\toks20
\row@=\count106
\column@=\count107
\maxfields@=\count108
\andhelp@=\toks21
\eqnshift@=\dimen115
\alignsep@=\dimen116
\tagshift@=\dimen117
\tagwidth@=\dimen118
\totwidth@=\dimen119
\lineht@=\dimen120
\@envbody=\toks22
\multlinegap=\skip49
\multlinetaggap=\skip50
\mathdisplay@stack=\toks23
LaTeX Info: Redefining \[ on input line 2665.
LaTeX Info: Redefining \] on input line 2666.
)
(/usr/share/texlive/texmf-dist/tex/latex/tools/array.sty
Package: array 2008/09/09 v2.4c Tabular extension package (FMi)
\col@sep=\dimen121
\extrarowheight=\dimen122
\NC@list=\toks24
\extratabsurround=\skip51
\backup@length=\skip52
)
(/usr/share/texlive/texmf-dist/tex/latex/booktabs/booktabs.sty
Package: booktabs 2005/04/14 v1.61803 publication quality tables
\heavyrulewidth=\dimen123
\lightrulewidth=\dimen124
\cmidrulewidth=\dimen125
\belowrulesep=\dimen126
\belowbottomsep=\dimen127
\aboverulesep=\dimen128
\abovetopsep=\dimen129
\cmidrulesep=\dimen130
\cmidrulekern=\dimen131
\defaultaddspace=\dimen132
\@cmidla=\count109
\@cmidlb=\count110
\@aboverulesep=\dimen133
\@belowrulesep=\dimen134
\@thisruleclass=\count111
\@lastruleclass=\count112
\@thisrulewidth=\dimen135
)
(/usr/share/texlive/texmf-dist/tex/latex/multirow/multirow.sty
\bigstrutjot=\dimen136
)
(/usr/share/texlive/texmf-dist/tex/latex/tcolorbox/tcolorbox.sty
Package: tcolorbox 2013/03/13 version 2.02 text color boxes

(/usr/share/texlive/texmf-dist/tex/latex/pgf/basiclayer/pgf.sty
(/usr/share/texlive/texmf-dist/tex/latex/pgf/utilities/pgfrcs.sty
(/usr/share/texlive/texmf-dist/tex/generic/pgf/utilities/pgfutil-common.tex
\pgfutil@everybye=\toks25
)
(/usr/share/texlive/texmf-dist/tex/generic/pgf/utilities/pgfutil-latex.def
\pgfutil@abb=\box30

(/usr/share/texlive/texmf-dist/tex/latex/ms/everyshi.sty
Package: everyshi 2001/05/15 v3.00 EveryShipout Package (MS)
))
(/usr/share/texlive/texmf-dist/tex/generic/pgf/utilities/pgfrcs.code.tex
Package: pgfrcs 2010/10/25 v2.10 (rcs-revision 1.24)
))
Package: pgf 2008/01/15 v2.10 (rcs-revision 1.12)

(/usr/share/texlive/texmf-dist/tex/latex/pgf/basiclayer/pgfcore.sty
(/usr/share/texlive/texmf-dist/tex/latex/pgf/systemlayer/pgfsys.sty
(/usr/share/texlive/texmf-dist/tex/generic/pgf/systemlayer/pgfsys.code.tex
Package: pgfsys 2010/06/30 v2.10 (rcs-revision 1.37)

(/usr/share/texlive/texmf-dist/tex/generic/pgf/utilities/pgfkeys.code.tex
\pgfkeys@pathtoks=\toks26
\pgfkeys@temptoks=\toks27

(/usr/share/texlive/texmf-dist/tex/generic/pgf/utilities/pgfkeysfiltered.code.t
ex
\pgfkeys@tmptoks=\toks28
))
\pgf@x=\dimen137
\pgf@y=\dimen138
\pgf@xa=\dimen139
\pgf@ya=\dimen140
\pgf@xb=\dimen141
\pgf@yb=\dimen142
\pgf@xc=\dimen143
\pgf@yc=\dimen144
\w@pgf@writea=\write3
\r@pgf@reada=\read1
\c@pgf@counta=\count113
\c@pgf@countb=\count114
\c@pgf@countc=\count115
\c@pgf@countd=\count116
 (/usr/share/texlive/texmf-dist/tex/generic/pgf/systemlayer/pgf.cfg
File: pgf.cfg 2008/05/14  (rcs-revision 1.7)
)
Package pgfsys Info: Driver file for pgf: pgfsys-pdftex.def on input line 900.

(/usr/share/texlive/texmf-dist/tex/generic/pgf/systemlayer/pgfsys-pdftex.def
File: pgfsys-pdftex.def 2009/05/22  (rcs-revision 1.26)

(/usr/share/texlive/texmf-dist/tex/generic/pgf/systemlayer/pgfsys-common-pdf.de
f
File: pgfsys-common-pdf.def 2008/05/19  (rcs-revision 1.10)
)))
(/usr/share/texlive/texmf-dist/tex/generic/pgf/systemlayer/pgfsyssoftpath.code.
tex
File: pgfsyssoftpath.code.tex 2008/07/18  (rcs-revision 1.7)
\pgfsyssoftpath@smallbuffer@items=\count117
\pgfsyssoftpath@bigbuffer@items=\count118
)
(/usr/share/texlive/texmf-dist/tex/generic/pgf/systemlayer/pgfsysprotocol.code.
tex
File: pgfsysprotocol.code.tex 2006/10/16  (rcs-revision 1.4)
))
(/usr/share/texlive/texmf-dist/tex/generic/pgf/basiclayer/pgfcore.code.tex
Package: pgfcore 2010/04/11 v2.10 (rcs-revision 1.7)

(/usr/share/texlive/texmf-dist/tex/generic/pgf/math/pgfmath.code.tex
(/usr/share/texlive/texmf-dist/tex/generic/pgf/math/pgfmathcalc.code.tex
(/usr/share/texlive/texmf-dist/tex/generic/pgf/math/pgfmathutil.code.tex)
(/usr/share/texlive/texmf-dist/tex/generic/pgf/math/pgfmathparser.code.tex
\pgfmath@dimen=\dimen145
\pgfmath@count=\count119
\pgfmath@box=\box31
\pgfmath@toks=\toks29
\pgfmath@stack@operand=\toks30
\pgfmath@stack@operation=\toks31
)
(/usr/share/texlive/texmf-dist/tex/generic/pgf/math/pgfmathfunctions.code.tex
(/usr/share/texlive/texmf-dist/tex/generic/pgf/math/pgfmathfunctions.basic.code
.tex)
(/usr/share/texlive/texmf-dist/tex/generic/pgf/math/pgfmathfunctions.trigonomet
ric.code.tex)
(/usr/share/texlive/texmf-dist/tex/generic/pgf/math/pgfmathfunctions.random.cod
e.tex)
(/usr/share/texlive/texmf-dist/tex/generic/pgf/math/pgfmathfunctions.comparison
.code.tex)
(/usr/share/texlive/texmf-dist/tex/generic/pgf/math/pgfmathfunctions.base.code.
tex)
(/usr/share/texlive/texmf-dist/tex/generic/pgf/math/pgfmathfunctions.round.code
.tex)
(/usr/share/texlive/texmf-dist/tex/generic/pgf/math/pgfmathfunctions.misc.code.
tex)))
(/usr/share/texlive/texmf-dist/tex/generic/pgf/math/pgfmathfloat.code.tex
\c@pgfmathroundto@lastzeros=\count120
))
(/usr/share/texlive/texmf-dist/tex/generic/pgf/basiclayer/pgfcorepoints.code.te
x
File: pgfcorepoints.code.tex 2010/04/09  (rcs-revision 1.20)
\pgf@picminx=\dimen146
\pgf@picmaxx=\dimen147
\pgf@picminy=\dimen148
\pgf@picmaxy=\dimen149
\pgf@pathminx=\dimen150
\pgf@pathmaxx=\dimen151
\pgf@pathminy=\dimen152
\pgf@pathmaxy=\dimen153
\pgf@xx=\dimen154
\pgf@xy=\dimen155
\pgf@yx=\dimen156
\pgf@yy=\dimen157
\pgf@zx=\dimen158
\pgf@zy=\dimen159
)
(/usr/share/texlive/texmf-dist/tex/generic/pgf/basiclayer/pgfcorepathconstruct.
code.tex
File: pgfcorepathconstruct.code.tex 2010/08/03  (rcs-revision 1.24)
\pgf@path@lastx=\dimen160
\pgf@path@lasty=\dimen161
)
(/usr/share/texlive/texmf-dist/tex/generic/pgf/basiclayer/pgfcorepathusage.code
.tex
File: pgfcorepathusage.code.tex 2008/04/22  (rcs-revision 1.12)
\pgf@shorten@end@additional=\dimen162
\pgf@shorten@start@additional=\dimen163
)
(/usr/share/texlive/texmf-dist/tex/generic/pgf/basiclayer/pgfcorescopes.code.te
x
File: pgfcorescopes.code.tex 2010/09/08  (rcs-revision 1.34)
\pgfpic=\box32
\pgf@hbox=\box33
\pgf@layerbox@main=\box34
\pgf@picture@serial@count=\count121
)
(/usr/share/texlive/texmf-dist/tex/generic/pgf/basiclayer/pgfcoregraphicstate.c
ode.tex
File: pgfcoregraphicstate.code.tex 2008/04/22  (rcs-revision 1.9)
\pgflinewidth=\dimen164
)
(/usr/share/texlive/texmf-dist/tex/generic/pgf/basiclayer/pgfcoretransformation
s.code.tex
File: pgfcoretransformations.code.tex 2009/06/10  (rcs-revision 1.11)
\pgf@pt@x=\dimen165
\pgf@pt@y=\dimen166
\pgf@pt@temp=\dimen167
)
(/usr/share/texlive/texmf-dist/tex/generic/pgf/basiclayer/pgfcorequick.code.tex
File: pgfcorequick.code.tex 2008/10/09  (rcs-revision 1.3)
)
(/usr/share/texlive/texmf-dist/tex/generic/pgf/basiclayer/pgfcoreobjects.code.t
ex
File: pgfcoreobjects.code.tex 2006/10/11  (rcs-revision 1.2)
)
(/usr/share/texlive/texmf-dist/tex/generic/pgf/basiclayer/pgfcorepathprocessing
.code.tex
File: pgfcorepathprocessing.code.tex 2008/10/09  (rcs-revision 1.8)
)
(/usr/share/texlive/texmf-dist/tex/generic/pgf/basiclayer/pgfcorearrows.code.te
x
File: pgfcorearrows.code.tex 2008/04/23  (rcs-revision 1.11)
)
(/usr/share/texlive/texmf-dist/tex/generic/pgf/basiclayer/pgfcoreshade.code.tex
File: pgfcoreshade.code.tex 2008/11/23  (rcs-revision 1.13)
\pgf@max=\dimen168
\pgf@sys@shading@range@num=\count122
)
(/usr/share/texlive/texmf-dist/tex/generic/pgf/basiclayer/pgfcoreimage.code.tex
File: pgfcoreimage.code.tex 2010/03/25  (rcs-revision 1.16)

(/usr/share/texlive/texmf-dist/tex/generic/pgf/basiclayer/pgfcoreexternal.code.
tex
File: pgfcoreexternal.code.tex 2010/09/01  (rcs-revision 1.17)
\pgfexternal@startupbox=\box35
))
(/usr/share/texlive/texmf-dist/tex/generic/pgf/basiclayer/pgfcorelayers.code.te
x
File: pgfcorelayers.code.tex 2010/08/27  (rcs-revision 1.2)
)
(/usr/share/texlive/texmf-dist/tex/generic/pgf/basiclayer/pgfcoretransparency.c
ode.tex
File: pgfcoretransparency.code.tex 2008/01/17  (rcs-revision 1.2)
)
(/usr/share/texlive/texmf-dist/tex/generic/pgf/basiclayer/pgfcorepatterns.code.
tex
File: pgfcorepatterns.code.tex 2009/07/02  (rcs-revision 1.3)
)))
(/usr/share/texlive/texmf-dist/tex/generic/pgf/modules/pgfmoduleshapes.code.tex
File: pgfmoduleshapes.code.tex 2010/09/09  (rcs-revision 1.13)
\pgfnodeparttextbox=\box36
) (/usr/share/texlive/texmf-dist/tex/generic/pgf/modules/pgfmoduleplot.code.tex
File: pgfmoduleplot.code.tex 2010/10/22  (rcs-revision 1.8)
)
(/usr/share/texlive/texmf-dist/tex/latex/pgf/compatibility/pgfcomp-version-0-65
.sty
Package: pgfcomp-version-0-65 2007/07/03 v2.10 (rcs-revision 1.7)
\pgf@nodesepstart=\dimen169
\pgf@nodesepend=\dimen170
)
(/usr/share/texlive/texmf-dist/tex/latex/pgf/compatibility/pgfcomp-version-1-18
.sty
Package: pgfcomp-version-1-18 2007/07/23 v2.10 (rcs-revision 1.1)
)) (/usr/share/texlive/texmf-dist/tex/latex/tools/verbatim.sty
Package: verbatim 2003/08/22 v1.5q LaTeX2e package for verbatim enhancements
\every@verbatim=\toks32
\verbatim@line=\toks33
\verbatim@in@stream=\read2
)
\tcb@titlebox=\box37
\tcb@upperbox=\box38
\tcb@lowerbox=\box39
\c@tcbbreakpart=\count123
\tcb@out=\write4
)
(/usr/share/texlive/texmf-dist/tex/latex/tcolorbox/tcbskins.code.tex
(/usr/share/texlive/texmf-dist/tex/latex/pgf/frontendlayer/tikz.sty
(/usr/share/texlive/texmf-dist/tex/latex/pgf/utilities/pgffor.sty
(/usr/share/texlive/texmf-dist/tex/latex/pgf/utilities/pgfkeys.sty
(/usr/share/texlive/texmf-dist/tex/generic/pgf/utilities/pgfkeys.code.tex))
(/usr/share/texlive/texmf-dist/tex/generic/pgf/utilities/pgffor.code.tex
Package: pgffor 2010/03/23 v2.10 (rcs-revision 1.18)
\pgffor@iter=\dimen171
\pgffor@skip=\dimen172
\pgffor@stack=\toks34
\pgffor@toks=\toks35
))
(/usr/share/texlive/texmf-dist/tex/generic/pgf/frontendlayer/tikz/tikz.code.tex
Package: tikz 2010/10/13 v2.10 (rcs-revision 1.76)

(/usr/share/texlive/texmf-dist/tex/generic/pgf/libraries/pgflibraryplothandlers
.code.tex
File: pgflibraryplothandlers.code.tex 2010/05/31 v2.10 (rcs-revision 1.15)
\pgf@plot@mark@count=\count124
\pgfplotmarksize=\dimen173
)
\tikz@lastx=\dimen174
\tikz@lasty=\dimen175
\tikz@lastxsaved=\dimen176
\tikz@lastysaved=\dimen177
\tikzleveldistance=\dimen178
\tikzsiblingdistance=\dimen179
\tikz@figbox=\box40
\tikz@tempbox=\box41
\tikztreelevel=\count125
\tikznumberofchildren=\count126
\tikznumberofcurrentchild=\count127
\tikz@fig@count=\count128

(/usr/share/texlive/texmf-dist/tex/generic/pgf/modules/pgfmodulematrix.code.tex
File: pgfmodulematrix.code.tex 2010/08/24  (rcs-revision 1.4)
\pgfmatrixcurrentrow=\count129
\pgfmatrixcurrentcolumn=\count130
\pgf@matrix@numberofcolumns=\count131
)
\tikz@expandcount=\count132

(/usr/share/texlive/texmf-dist/tex/generic/pgf/frontendlayer/tikz/libraries/tik
zlibrarytopaths.code.tex
File: tikzlibrarytopaths.code.tex 2008/06/17 v2.10 (rcs-revision 1.2)
)))
\tcb@waterbox=\box42
)
(/usr/share/texlive/texmf-dist/tex/latex/tcolorbox/tcbbreakable.code.tex
\tcb@totalupperbox=\box43
\tcb@totallowerbox=\box44
)
(/usr/share/texlive/texmf-dist/tex/latex/caption/subcaption.sty
Package: subcaption 2013/02/03 v1.1-62 Sub-captions (AR)
\c@subfigure=\count133
\c@subtable=\count134
)
(/usr/share/texlive/texmf-dist/tex/latex/amsfonts/amssymb.sty
Package: amssymb 2013/01/14 v3.01 AMS font symbols

(/usr/share/texlive/texmf-dist/tex/latex/amsfonts/amsfonts.sty
Package: amsfonts 2013/01/14 v3.01 Basic AMSFonts support
\symAMSa=\mathgroup4
\symAMSb=\mathgroup5
LaTeX Font Info:    Overwriting math alphabet `\mathfrak' in version `bold'
(Font)                  U/euf/m/n --> U/euf/b/n on input line 106.
))
(/usr/share/texlive/texmf-dist/tex/latex/caption/newfloat.sty
Package: newfloat 2013/02/03 v1.0-62 Defining new floating environments (AR)
)
(/usr/share/texlive/texmf-dist/tex/latex/listings/listings.sty
\lst@mode=\count135
\lst@gtempboxa=\box45
\lst@token=\toks36
\lst@length=\count136
\lst@currlwidth=\dimen180
\lst@column=\count137
\lst@pos=\count138
\lst@lostspace=\dimen181
\lst@width=\dimen182
\lst@newlines=\count139
\lst@lineno=\count140
\lst@maxwidth=\dimen183

(/usr/share/texlive/texmf-dist/tex/latex/listings/lstmisc.sty
File: lstmisc.sty 2007/02/22 1.4 (Carsten Heinz)
\c@lstnumber=\count141
\lst@skipnumbers=\count142
\lst@framebox=\box46
)
(/usr/share/texlive/texmf-dist/tex/latex/listings/listings.cfg
File: listings.cfg 2007/02/22 1.4 listings configuration
))
Package: listings 2007/02/22 1.4 (Carsten Heinz)
\@float@every@listing=\toks37
\c@listing=\count143

(./supplementary.aux)
\openout1 = `supplementary.aux'.

LaTeX Font Info:    Checking defaults for OML/cmm/m/it on input line 63.
LaTeX Font Info:    ... okay on input line 63.
LaTeX Font Info:    Checking defaults for T1/cmr/m/n on input line 63.
LaTeX Font Info:    ... okay on input line 63.
LaTeX Font Info:    Checking defaults for OT1/cmr/m/n on input line 63.
LaTeX Font Info:    ... okay on input line 63.
LaTeX Font Info:    Checking defaults for OMS/cmsy/m/n on input line 63.
LaTeX Font Info:    ... okay on input line 63.
LaTeX Font Info:    Checking defaults for OMX/cmex/m/n on input line 63.
LaTeX Font Info:    ... okay on input line 63.
LaTeX Font Info:    Checking defaults for U/cmr/m/n on input line 63.
LaTeX Font Info:    ... okay on input line 63.
LaTeX Font Info:    Try loading font information for T1+ntxrx on input line 63.

 (/usr/share/texlive/texmf-dist/tex/latex/newtx/t1ntxrx.fd
File: t1ntxrx.fd 2012/12/25 v1.0
)
\c@mv@tabular=\count144
\c@mv@boldtabular=\count145
 (/usr/share/texlive/texmf-dist/tex/context/base/supp-pdf.mkii
[Loading MPS to PDF converter (version 2006.09.02).]
\scratchcounter=\count146
\scratchdimen=\dimen184
\scratchbox=\box47
\nofMPsegments=\count147
\nofMParguments=\count148
\everyMPshowfont=\toks38
\MPscratchCnt=\count149
\MPscratchDim=\dimen185
\MPnumerator=\count150
\makeMPintoPDFobject=\count151
\everyMPtoPDFconversion=\toks39
) (/usr/share/texlive/texmf-dist/tex/generic/oberdiek/pdftexcmds.sty
Package: pdftexcmds 2011/11/29 v0.20 Utility functions of pdfTeX for LuaTeX (HO
)

(/usr/share/texlive/texmf-dist/tex/generic/oberdiek/ifluatex.sty
Package: ifluatex 2010/03/01 v1.3 Provides the ifluatex switch (HO)
Package ifluatex Info: LuaTeX not detected.
)
(/usr/share/texlive/texmf-dist/tex/generic/oberdiek/ifpdf.sty
Package: ifpdf 2011/01/30 v2.3 Provides the ifpdf switch (HO)
Package ifpdf Info: pdfTeX in PDF mode is detected.
)
Package pdftexcmds Info: LuaTeX not detected.
Package pdftexcmds Info: \pdf@primitive is available.
Package pdftexcmds Info: \pdf@ifprimitive is available.
Package pdftexcmds Info: \pdfdraftmode found.
)
(/usr/share/texlive/texmf-dist/tex/latex/oberdiek/epstopdf-base.sty
Package: epstopdf-base 2010/02/09 v2.5 Base part for package epstopdf

(/usr/share/texlive/texmf-dist/tex/latex/oberdiek/grfext.sty
Package: grfext 2010/08/19 v1.1 Manage graphics extensions (HO)

(/usr/share/texlive/texmf-dist/tex/generic/oberdiek/kvdefinekeys.sty
Package: kvdefinekeys 2011/04/07 v1.3 Define keys (HO)
))
(/usr/share/texlive/texmf-dist/tex/latex/oberdiek/kvoptions.sty
Package: kvoptions 2011/06/30 v3.11 Key value format for package options (HO)

(/usr/share/texlive/texmf-dist/tex/generic/oberdiek/kvsetkeys.sty
Package: kvsetkeys 2012/04/25 v1.16 Key value parser (HO)

(/usr/share/texlive/texmf-dist/tex/generic/oberdiek/etexcmds.sty
Package: etexcmds 2011/02/16 v1.5 Avoid name clashes with e-TeX commands (HO)
Package etexcmds Info: Could not find \expanded.
(etexcmds)             That can mean that you are not using pdfTeX 1.50 or
(etexcmds)             that some package has redefined \expanded.
(etexcmds)             In the latter case, load this package earlier.
)))
Package grfext Info: Graphics extension search list:
(grfext)             [.png,.pdf,.jpg,.mps,.jpeg,.jbig2,.jb2,.PNG,.PDF,.JPG,.JPE
G,.JBIG2,.JB2,.eps]
(grfext)             \AppendGraphicsExtensions on input line 452.

(/usr/share/texlive/texmf-dist/tex/latex/latexconfig/epstopdf-sys.cfg
File: epstopdf-sys.cfg 2010/07/13 v1.3 Configuration of (r)epstopdf for TeX Liv
e
))
Package caption Info: Begin \AtBeginDocument code.
Package caption Info: float package is loaded.
Package caption Info: listings package is loaded.
Package caption Info: End \AtBeginDocument code.

ABD: EveryShipout initializing macros
\c@lstlisting=\count152
\c@aaai@eqfn=\count153
\c@aaai@corrfn=\count154
\titlearea=\box48
\actualheight=\skip53
 (./secs/2_related.tex
LaTeX Font Info:    Try loading font information for U+msa on input line 11.

(/usr/share/texlive/texmf-dist/tex/latex/amsfonts/umsa.fd
File: umsa.fd 2013/01/14 v3.01 AMS symbols A
)
LaTeX Font Info:    Try loading font information for U+msb on input line 11.

(/usr/share/texlive/texmf-dist/tex/latex/amsfonts/umsb.fd
File: umsb.fd 2013/01/14 v3.01 AMS symbols B
)
Underfull \hbox (badness 5175) in paragraph at lines 11--12
 \T1/ntxrx/bx/n/10 Coordinate-free and region-centric ground-ing. \T1/ntxrx/m/n
/10 Be-
 []


Underfull \hbox (badness 1264) in paragraph at lines 11--12
\T1/ntxrx/m/n/10 et al. 2025b), DiMo-GUI (Wu et al. 2025a), and Fo-
 []


Underfull \vbox (badness 3503) has occurred while \output is active []

 [1{/usr/share/texlive/texmf/fonts/map/pdftex/updmap/pdftex.map}



]) (./secs/a_appendix.tex
Underfull \hbox (badness 10000) in paragraph at lines 17--4
 \T1/ntxrx/bx/n/10 Ef-fi-cient mul-ti-modal ground-ing back-bones. \T1/ntxrx/m/
n/10 GUI
 []


Underfull \hbox (badness 2096) in paragraph at lines 17--4
\T1/ntxrx/m/n/10 tional vision-language ar-chi-tec-tures (Doso-vit-skiy et al.
 []


Underfull \hbox (badness 1009) in paragraph at lines 17--4
\T1/ntxrx/m/n/10 pos-te-rior op-er-ates over. Our probes are com-ple-men-tary
 []


Underfull \hbox (badness 4634) in paragraph at lines 104--113
 \T1/ntxrx/bx/n/10 Con-trolled within-benchmark target-size re-gres-sion.
 []

[2] [3] <figs/fig_targetsize_gap.pdf, id=31, 390.13976pt x 240.90176pt>
File: figs/fig_targetsize_gap.pdf Graphic file (type pdf)

<use figs/fig_targetsize_gap.pdf>
Package pdftex.def Info: figs/fig_targetsize_gap.pdf used on input line 133.
(pdftex.def)             Requested size: 220.24239pt x 135.99579pt.

<figs/fig_norm_census_combined.pdf, id=32, 785.74492pt x 251.1671pt>
File: figs/fig_norm_census_combined.pdf Graphic file (type pdf)

<use figs/fig_norm_census_combined.pdf>
Package pdftex.def Info: figs/fig_norm_census_combined.pdf used on input line 1
60.
(pdftex.def)             Requested size: 227.42392pt x 72.69478pt.
 [4 <./figs/fig_targetsize_gap.pdf> <./figs/fig_norm_census_combined.pdf>]
<figs/error_quadrants.pdf, id=171, 397.41191pt x 236.7131pt>
File: figs/error_quadrants.pdf Graphic file (type pdf)

<use figs/error_quadrants.pdf>
Package pdftex.def Info: figs/error_quadrants.pdf used on input line 206.
(pdftex.def)             Requested size: 215.45348pt x 128.33244pt.

<figs/sspro_gt_sizes.pdf, id=172, 368.2558pt x 220.72739pt>
File: figs/sspro_gt_sizes.pdf Graphic file (type pdf)

<use figs/sspro_gt_sizes.pdf>
Package pdftex.def Info: figs/sspro_gt_sizes.pdf used on input line 215.
(pdftex.def)             Requested size: 215.45348pt x 129.14015pt.

<figs/bottleneck_severity.pdf, id=173, 368.23198pt x 278.51741pt>
File: figs/bottleneck_severity.pdf Graphic file (type pdf)

<use figs/bottleneck_severity.pdf>
Package pdftex.def Info: figs/bottleneck_severity.pdf used on input line 223.
(pdftex.def)             Requested size: 215.45348pt x 162.9639pt.

Underfull \hbox (badness 1215) in paragraph at lines 224--224
[][]  []\OT1/cmr/m/n/10 (\OML/cmm/m/it/10 p[]\OT1/cmr/m/n/10 ) \OMS/cmsy/m/n/10
 ^^@ []\OT1/cmr/m/n/10 ([])$\T1/ntxrx/m/n/10 ; $\OML/cmm/m/it/10 y$\T1/ntxrx/m/
n/10 -axis: strict, un-gated
 []


Underfull \hbox (badness 1210) in paragraph at lines 229--232
\T1/ntxrx/m/n/10 parameter attention-only base-line, and a probe-capacity
 []

[5 <./figs/error_quadrants.pdf> <./figs/sspro_gt_sizes.pdf> <./figs/bottleneck_
severity.pdf>]
LaTeX Font Info:    Try loading font information for T1+pcr on input line 310.
 (/usr/share/texlive/texmf-dist/tex/latex/psnfss/t1pcr.fd
File: t1pcr.fd 2001/06/04 font definitions for T1/pcr.
)
Underfull \hbox (badness 3954) in paragraph at lines 313--314
\T1/ntxrx/m/n/10 fig-u-ra-tions. \T1/ntxrx/bx/n/10 ScreenSpot-Pro \T1/ntxrx/m/n
/10 ($\OML/cmm/m/it/10 n[]\OT1/cmr/m/n/10 1581$\T1/ntxrx/m/n/10 ), \T1/ntxrx/bx
/n/10 ScreenSpot-v2
 []


Underfull \hbox (badness 5711) in paragraph at lines 324--325
 \T1/ntxrx/bx/n/10 Level 1: re-gion re-ranking. \T1/ntxrx/m/n/10 Thresh-old-ing
 $\OML/cmm/m/it/10 p[]$ \T1/ntxrx/m/n/10 at
 []

[6]
Underfull \hbox (badness 2744) in paragraph at lines 338--339
\T1/ntxrx/m/n/10 The main pa-per de-fines the retrofit head-room $\OML/cmm/m/it
/10 h \OT1/cmr/m/n/10 =
 []


Underfull \vbox (badness 3579) has occurred while \output is active []


Underfull \hbox (badness 1052) in paragraph at lines 350--350
[]\T1/ntxrx/m/n/10 Table 9: |Ab-la-tion on UI-TARS-1.5-7B (over-lap@1, %,
 []


Overfull \hbox (13.54796pt too wide) in paragraph at lines 353--369
 [][] 
 []


Underfull \hbox (badness 1430) in paragraph at lines 375--378
\T1/ntxrx/m/n/10 Figure 6[] shows the per-layer over-lap@1 of ev-ery A7
 []

[7]
LaTeX Font Info:    Try loading font information for OMS+ntxrx on input line 38
8.
LaTeX Font Info:    No file OMSntxrx.fd. on input line 388.


LaTeX Font Warning: Font shape `OMS/ntxrx/m/n' undefined
(Font)              using `OMS/cmsy/m/n' instead
(Font)              for symbol `textbullet' on input line 388.


<figs/a7_layerwise_plots/a7_layerwise_combined.pdf, id=362, 1178.09508pt x 1332
.71019pt>
File: figs/a7_layerwise_plots/a7_layerwise_combined.pdf Graphic file (type pdf)

 <use figs/a7_layerwise_plots/a7_layerwise_combined.pdf>
Package pdftex.def Info: figs/a7_layerwise_plots/a7_layerwise_combined.pdf used
 on input line 410.
(pdftex.def)             Requested size: 505.88791pt x 520.34462pt.
 [8] [9 <./figs/a7_layerwise_plots/a7_layerwise_combined.pdf>]
<figs/a7_layerwise_plots/a7_layerwise_ss_pro.pdf, id=511, 859.38693pt x 587.463
5pt>
File: figs/a7_layerwise_plots/a7_layerwise_ss_pro.pdf Graphic file (type pdf)
 <use figs/a7_layerwise_plots/a7_layerwise_ss_pro.pdf>
Package pdftex.def Info: figs/a7_layerwise_plots/a7_layerwise_ss_pro.pdf used o
n input line 431.
(pdftex.def)             Requested size: 465.41786pt x 318.14885pt.
 [10 <./figs/a7_layerwise_plots/a7_layerwise_ss_pro.pdf>]
<figs/a7_layerwise_plots/a7_layerwise_ss_v2.pdf, id=613, 859.38693pt x 587.4635
pt>
File: figs/a7_layerwise_plots/a7_layerwise_ss_v2.pdf Graphic file (type pdf)
 <use figs/a7_layerwise_plots/a7_layerwise_ss_v2.pdf>
Package pdftex.def Info: figs/a7_layerwise_plots/a7_layerwise_ss_v2.pdf used on
 input line 445.
(pdftex.def)             Requested size: 465.41786pt x 318.14885pt.
 [11 <./figs/a7_layerwise_plots/a7_layerwise_ss_v2.pdf>]
<figs/a7_layerwise_plots/a7_layerwise_osworld_g.pdf, id=716, 859.38693pt x 587.
4635pt>
File: figs/a7_layerwise_plots/a7_layerwise_osworld_g.pdf Graphic file (type pdf
)
 <use figs/a7_layerwise_plots/a7_layerwise_osworld_g.pdf>
Package pdftex.def Info: figs/a7_layerwise_plots/a7_layerwise_osworld_g.pdf use
d on input line 458.
(pdftex.def)             Requested size: 465.41786pt x 318.14885pt.
 [12 <./figs/a7_layerwise_plots/a7_layerwise_osworld_g.pdf>]
<figs/a7_layerwise_plots/a7_layerwise_mmbench.pdf, id=819, 859.38693pt x 587.46
35pt>
File: figs/a7_layerwise_plots/a7_layerwise_mmbench.pdf Graphic file (type pdf)
 <use figs/a7_layerwise_plots/a7_layerwise_mmbench.pdf>
Package pdftex.def Info: figs/a7_layerwise_plots/a7_layerwise_mmbench.pdf used 
on input line 471.
(pdftex.def)             Requested size: 465.41786pt x 318.14885pt.
 [13 <./figs/a7_layerwise_plots/a7_layerwise_mmbench.pdf>]
<figs/a7_layerwise_plots/a7_layerwise_ui_vision.pdf, id=924, 859.38693pt x 587.
4635pt>
File: figs/a7_layerwise_plots/a7_layerwise_ui_vision.pdf Graphic file (type pdf
)
 <use figs/a7_layerwise_plots/a7_layerwise_ui_vision.pdf>
Package pdftex.def Info: figs/a7_layerwise_plots/a7_layerwise_ui_vision.pdf use
d on input line 486.
(pdftex.def)             Requested size: 465.41786pt x 318.14885pt.

(./prompt/uitars.tex) (./prompt/guiowl.tex) (./prompt/guiowl15.tex)
(./prompt/ui_venus15.tex) (./prompt/uitars_ours.tex) (./prompt/guiowl_ours.tex)
(./prompt/ui_venus15_ours.tex) [14 <./figs/a7_layerwise_plots/a7_layerwise_ui_v
ision.pdf>] [15] [16] [17]
<figs/append/uitars/idx00021.png, id=1035, 1222.5675pt x 1174.3875pt>
File: figs/append/uitars/idx00021.png Graphic file (type png)

<use figs/append/uitars/idx00021.png>
Package pdftex.def Info: figs/append/uitars/idx00021.png used on input line 520
.
(pdftex.def)             Requested size: 303.53708pt x 291.57123pt.

<figs/append/uitars/idx00440.png, id=1036, 1222.5675pt x 1174.3875pt>
File: figs/append/uitars/idx00440.png Graphic file (type png)

<use figs/append/uitars/idx00440.png>
Package pdftex.def Info: figs/append/uitars/idx00440.png used on input line 527
.
(pdftex.def)             Requested size: 303.53708pt x 291.57123pt.
 [18 <./figs/append/uitars/idx00021.png (PNG copy)> <./figs/append/uitars/idx00
440.png (PNG copy)>]
<figs/append/uitars/idx00114.png, id=1040, 1222.5675pt x 1174.3875pt>
File: figs/append/uitars/idx00114.png Graphic file (type png)

<use figs/append/uitars/idx00114.png>
Package pdftex.def Info: figs/append/uitars/idx00114.png used on input line 540
.
(pdftex.def)             Requested size: 303.53708pt x 291.57123pt.

<figs/append/uitars/idx00329.png, id=1041, 1222.5675pt x 1174.3875pt>
File: figs/append/uitars/idx00329.png Graphic file (type png)

<use figs/append/uitars/idx00329.png>
Package pdftex.def Info: figs/append/uitars/idx00329.png used on input line 547
.
(pdftex.def)             Requested size: 303.53708pt x 291.57123pt.
 [19 <./figs/append/uitars/idx00114.png (PNG copy)> <./figs/append/uitars/idx00
329.png (PNG copy)>]
<figs/append/uivenus/idx00015.png, id=1046, 1222.5675pt x 1429.34pt>
File: figs/append/uivenus/idx00015.png Graphic file (type png)

<use figs/append/uivenus/idx00015.png>
Package pdftex.def Info: figs/append/uivenus/idx00015.png used on input line 56
2.
(pdftex.def)             Requested size: 303.53708pt x 354.8696pt.

<figs/append/uivenus/idx02155.png, id=1047, 1222.5675pt x 1429.34pt>
File: figs/append/uivenus/idx02155.png Graphic file (type png)

<use figs/append/uivenus/idx02155.png>
Package pdftex.def Info: figs/append/uivenus/idx02155.png used on input line 56
9.
(pdftex.def)             Requested size: 303.53708pt x 354.8696pt.


LaTeX Warning: Float too large for page by 87.30927pt on input line 574.

[20 <./figs/append/uivenus/idx00015.png (PNG copy)> <./figs/append/uivenus/idx0
2155.png (PNG copy)>]
<figs/append/uivenus/idx00405.png, id=1051, 1222.5675pt x 1429.34pt>
File: figs/append/uivenus/idx00405.png Graphic file (type png)

<use figs/append/uivenus/idx00405.png>
Package pdftex.def Info: figs/append/uivenus/idx00405.png used on input line 58
2.
(pdftex.def)             Requested size: 303.53708pt x 354.8696pt.

<figs/append/uivenus/idx00493.png, id=1052, 1222.5675pt x 1429.34pt>
File: figs/append/uivenus/idx00493.png Graphic file (type png)

<use figs/append/uivenus/idx00493.png>
Package pdftex.def Info: figs/append/uivenus/idx00493.png used on input line 58
9.
(pdftex.def)             Requested size: 303.53708pt x 354.8696pt.


LaTeX Warning: Float too large for page by 87.30927pt on input line 594.

) [21 <./figs/append/uivenus/idx00405.png (PNG copy)> <./figs/append/uivenus/id
x00493.png (PNG copy)>] (./supplementary.bbl
Underfull \hbox (badness 1460) in paragraph at lines 12--17
\T1/ntxrx/m/n/10 Language Model for Un-der-stand-ing, Lo-cal-iza-tion, Text
 []


Underfull \hbox (badness 1127) in paragraph at lines 183--187
[]\T1/ntxrx/m/n/10 Lin, J.; Shen, F.; Li, J.; Nie, P.; Yu, F.; Li, M.; and
 []

[22









]
Underfull \hbox (badness 2343) in paragraph at lines 248--251
[]\T1/ntxrx/m/n/10 Meng, K.; Bau, D.; An-do-nian, A.; and Be-linkov, Y.
 []


Underfull \hbox (badness 1810) in paragraph at lines 345--349
[]\T1/ntxrx/m/n/10 Xu, H.-M.; Chen, Q.; Wang, L.; and Liu, L. 2025a.
 []

) [23] (./supplementary.aux)

LaTeX Font Warning: Some font shapes were not available, defaults substituted.

 ) 
Here is how much of TeX's memory you used:
 15546 strings out of 495063
 279345 string characters out of 3182201
 758044 words of memory out of 3000000
 18313 multiletter control sequences out of 15000+200000
 44329 words of font info for 71 fonts, out of 3000000 for 9000
 14 hyphenation exceptions out of 8191
 55i,11n,92p,1927b,1237s stack positions out of 5000i,500n,10000p,200000b,50000s
{/usr/share/texlive/texmf-dist/fonts/enc/dvips/base/8r.enc}</usr/share/texliv
e/texmf-dist/fonts/type1/public/amsfonts/cm/cmbx10.pfb></usr/share/texlive/texm
f-dist/fonts/type1/public/amsfonts/cm/cmex10.pfb></usr/share/texlive/texmf-dist
/fonts/type1/public/amsfonts/cmextra/cmex7.pfb></usr/share/texlive/texmf-dist/f
onts/type1/public/amsfonts/cm/cmmi10.pfb></usr/share/texlive/texmf-dist/fonts/t
ype1/public/amsfonts/cm/cmmi5.pfb></usr/share/texlive/texmf-dist/fonts/type1/pu
blic/amsfonts/cm/cmmi6.pfb></usr/share/texlive/texmf-dist/fonts/type1/public/am
sfonts/cm/cmmi7.pfb></usr/share/texlive/texmf-dist/fonts/type1/public/amsfonts/
cm/cmmi9.pfb></usr/share/texlive/texmf-dist/fonts/type1/public/amsfonts/cm/cmr1
0.pfb></usr/share/texlive/texmf-dist/fonts/type1/public/amsfonts/cm/cmr6.pfb></
usr/share/texlive/texmf-dist/fonts/type1/public/amsfonts/cm/cmr7.pfb></usr/shar
e/texlive/texmf-dist/fonts/type1/public/amsfonts/cm/cmsy10.pfb></usr/share/texl
ive/texmf-dist/fonts/type1/public/amsfonts/cm/cmsy6.pfb></usr/share/texlive/tex
mf-dist/fonts/type1/public/amsfonts/cm/cmsy7.pfb></usr/share/texlive/texmf-dist
/fonts/type1/public/amsfonts/cm/cmsy9.pfb></usr/share/texlive/texmf-dist/fonts/
type1/public/txfonts/rtxb.pfb></usr/share/texlive/texmf-dist/fonts/type1/public
/txfonts/rtxi.pfb></usr/share/texlive/texmf-dist/fonts/type1/public/txfonts/rtx
r.pfb></usr/share/texlive/texmf-dist/fonts/type1/public/txfonts/rtxsc.pfb></usr
/share/texlive/texmf-dist/fonts/type1/urw/courier/ucrr8a.pfb></usr/share/texliv
e/texmf-dist/fonts/type1/urw/times/utmb8a.pfb></usr/share/texlive/texmf-dist/fo
nts/type1/urw/times/utmr8a.pfb></usr/share/texlive/texmf-dist/fonts/type1/urw/t
imes/utmri8a.pfb>
Output written on supplementary.pdf (23 pages, 3478984 bytes).
PDF statistics:
 1137 PDF objects out of 1200 (max. 8388607)
 212 compressed objects within 3 object streams
 0 named destinations out of 1000 (max. 500000)
 108 words of extra memory for PDF output out of 10000 (max. 10000000)

